Sep  5 15:40:44 cu-cs-vm anacron[1752]: Job `cron.daily' terminated
Sep  5 15:45:20 cu-cs-vm anacron[1752]: Job `cron.weekly' started
Sep  5 15:45:20 cu-cs-vm anacron[4308]: Updated timestamp for job `cron.weekly' to 2016-09-05
Sep  5 15:45:23 cu-cs-vm uptimed: moving up to position 3: 0 days, 00:10:17
Sep  5 15:45:24 cu-cs-vm anacron[1752]: Job `cron.weekly' terminated
Sep  5 15:45:24 cu-cs-vm anacron[1752]: Normal exit (2 jobs run)
Sep  5 15:50:20 cu-cs-vm systemd[1]: Starting Cleanup of Temporary Directories...
Sep  5 15:50:20 cu-cs-vm systemd-tmpfiles[4350]: [/usr/lib/tmpfiles.d/var.conf:14] Duplicate line for path "/var/log", ignoring.
Sep  5 15:50:20 cu-cs-vm systemd[1]: Started Cleanup of Temporary Directories.
Sep  5 15:55:23 cu-cs-vm uptimed: moving up to position 2: 0 days, 00:20:17
Sep  5 16:02:41 cu-cs-vm systemd[1]: Reloading.
Sep  5 16:02:42 cu-cs-vm systemd[1]: snapd.refresh.timer: Adding 3min 34.254236s random time.
Sep  5 16:02:42 cu-cs-vm systemd[1]: Started ACPI event daemon.
Sep  5 16:02:42 cu-cs-vm systemd[1]: Started CUPS Scheduler.
Sep  5 16:02:56 cu-cs-vm kernel: [ 1668.652316] SGI XFS with ACLs, security attributes, realtime, no debug enabled
Sep  5 16:02:56 cu-cs-vm kernel: [ 1668.720803] JFS: nTxBlock = 8192, nTxLock = 65536
Sep  5 16:02:56 cu-cs-vm kernel: [ 1668.800123] ntfs: driver 2.1.32 [Flags: R/O MODULE].
Sep  5 16:02:56 cu-cs-vm kernel: [ 1668.965578] QNX4 filesystem 0.2.3 registered.
Sep  5 16:02:56 cu-cs-vm systemd[1]: Reloading.
Sep  5 16:02:57 cu-cs-vm systemd[1]: snapd.refresh.timer: Adding 5h 21min 42.483252s random time.
Sep  5 16:02:57 cu-cs-vm systemd[1]: Started ACPI event daemon.
Sep  5 16:02:57 cu-cs-vm systemd[1]: Started CUPS Scheduler.
Sep  5 16:02:57 cu-cs-vm systemd[1]: Reloading.
Sep  5 16:02:57 cu-cs-vm systemd[1]: snapd.refresh.timer: Adding 5h 35min 19.178266s random time.
Sep  5 16:02:57 cu-cs-vm systemd[1]: Started ACPI event daemon.
Sep  5 16:02:57 cu-cs-vm systemd[1]: Started CUPS Scheduler.
Sep  5 16:02:57 cu-cs-vm systemd[1]: Starting LSB: Execute the kexec -e command to reboot system...
Sep  5 16:02:57 cu-cs-vm systemd[1]: Started LSB: Execute the kexec -e command to reboot system.
Sep  5 16:02:57 cu-cs-vm systemd[1]: Reloading.
Sep  5 16:02:57 cu-cs-vm systemd[1]: snapd.refresh.timer: Adding 36min 27.739865s random time.
Sep  5 16:02:57 cu-cs-vm systemd[1]: Started ACPI event daemon.
Sep  5 16:02:57 cu-cs-vm systemd[1]: Started CUPS Scheduler.
Sep  5 16:02:57 cu-cs-vm systemd[1]: Reloading.
Sep  5 16:02:57 cu-cs-vm systemd[1]: snapd.refresh.timer: Adding 1h 33min 29.989797s random time.
Sep  5 16:02:57 cu-cs-vm systemd[1]: Started ACPI event daemon.
Sep  5 16:02:57 cu-cs-vm systemd[1]: Started CUPS Scheduler.
Sep  5 16:02:57 cu-cs-vm systemd[1]: Starting LSB: Load kernel image with kexec...
Sep  5 16:02:57 cu-cs-vm systemd[1]: Started LSB: Load kernel image with kexec.
Sep  5 16:03:35 cu-cs-vm systemd[1]: Reloading.
Sep  5 16:03:35 cu-cs-vm systemd[1]: snapd.refresh.timer: Adding 42min 5.826994s random time.
Sep  5 16:03:35 cu-cs-vm systemd[1]: Started ACPI event daemon.
Sep  5 16:03:35 cu-cs-vm systemd[1]: Started CUPS Scheduler.
Sep  5 16:07:43 cu-cs-vm systemd[1]: Stopped target Graphical Interface.
Sep  5 16:07:43 cu-cs-vm systemd[1]: Stopping Save/Restore Sound Card State...
Sep  5 16:07:43 cu-cs-vm systemd[1]: Stopped target Multi-User System.
Sep  5 15:40:21 cu-cs-vm rsyslogd: [origin software="rsyslogd" swVersion="8.16.0" x-pid="1753" x-info="http://www.rsyslog.com"] rsyslogd was HUPed
Sep  5 16:07:44 cu-cs-vm rsyslogd: [origin software="rsyslogd" swVersion="8.16.0" x-pid="1753" x-info="http://www.rsyslog.com"] exiting on signal 15.
Sep  5 16:08:06 cu-cs-vm rsyslogd: [origin software="rsyslogd" swVersion="8.16.0" x-pid="1762" x-info="http://www.rsyslog.com"] start
Sep  5 16:08:06 cu-cs-vm rsyslogd-2222: command 'KLogPermitNonKernelFacility' is currently not permitted - did you already set it via a RainerScript command (v6+ config)? [v8.16.0 try http://www.rsyslog.com/e/2222 ]
Sep  5 16:08:06 cu-cs-vm rsyslogd: rsyslogd's groupid changed to 108
Sep  5 16:08:06 cu-cs-vm rsyslogd: rsyslogd's userid changed to 104
Sep  5 16:08:06 cu-cs-vm rsyslogd-2039: Could not open output pipe '/dev/xconsole':: No such file or directory [v8.16.0 try http://www.rsyslog.com/e/2039 ]
Sep  5 16:08:06 cu-cs-vm rsyslogd-2007: action 'action 10' suspended, next retry is Mon Sep  5 16:08:36 2016 [v8.16.0 try http://www.rsyslog.com/e/2007 ]
Sep  5 16:08:06 cu-cs-vm kernel: [    0.000000] Initializing cgroup subsys cpuset
Sep  5 16:08:06 cu-cs-vm kernel: [    0.000000] Initializing cgroup subsys cpu
Sep  5 16:08:06 cu-cs-vm kernel: [    0.000000] Initializing cgroup subsys cpuacct
Sep  5 16:08:06 cu-cs-vm kernel: [    0.000000] Linux version 4.4.0-34-generic (buildd@lgw01-20) (gcc version 5.3.1 20160413 (Ubuntu 5.3.1-14ubuntu2.1) ) #53-Ubuntu SMP Wed Jul 27 16:06:39 UTC 2016 (Ubuntu 4.4.0-34.53-generic 4.4.15)
Sep  5 16:08:06 cu-cs-vm kernel: [    0.000000] Command line: BOOT_IMAGE=/@/boot/vmlinuz-4.4.0-34-generic root=UUID=7edb9fb6-5937-400b-b2d4-95dbf988ef57 ro rootflags=subvol=@ crashkernel=384M-:128M
Sep  5 16:08:06 cu-cs-vm kernel: [    0.000000] KERNEL supported cpus:
Sep  5 16:08:06 cu-cs-vm kernel: [    0.000000]   Intel GenuineIntel
Sep  5 16:08:06 cu-cs-vm kernel: [    0.000000]   AMD AuthenticAMD
Sep  5 16:08:06 cu-cs-vm kernel: [    0.000000]   Centaur CentaurHauls
Sep  5 16:08:06 cu-cs-vm kernel: [    0.000000] x86/fpu: xstate_offset[2]:  576, xstate_sizes[2]:  256
Sep  5 16:08:06 cu-cs-vm kernel: [    0.000000] x86/fpu: Supporting XSAVE feature 0x01: 'x87 floating point registers'
Sep  5 16:08:06 cu-cs-vm kernel: [    0.000000] x86/fpu: Supporting XSAVE feature 0x02: 'SSE registers'
Sep  5 16:08:06 cu-cs-vm kernel: [    0.000000] x86/fpu: Supporting XSAVE feature 0x04: 'AVX registers'
Sep  5 16:08:06 cu-cs-vm kernel: [    0.000000] x86/fpu: Enabled xstate features 0x7, context size is 832 bytes, using 'standard' format.
Sep  5 16:08:06 cu-cs-vm kernel: [    0.000000] x86/fpu: Using 'lazy' FPU context switches.
Sep  5 16:08:06 cu-cs-vm kernel: [    0.000000] e820: BIOS-provided physical RAM map:
Sep  5 16:08:06 cu-cs-vm kernel: [    0.000000] BIOS-e820: [mem 0x0000000000000000-0x000000000009fbff] usable
Sep  5 16:08:06 cu-cs-vm kernel: [    0.000000] BIOS-e820: [mem 0x000000000009fc00-0x000000000009ffff] reserved
Sep  5 16:08:06 cu-cs-vm kernel: [    0.000000] BIOS-e820: [mem 0x00000000000f0000-0x00000000000fffff] reserved
Sep  5 16:08:06 cu-cs-vm kernel: [    0.000000] BIOS-e820: [mem 0x0000000000100000-0x000000007ffeffff] usable
Sep  5 16:08:06 cu-cs-vm kernel: [    0.000000] BIOS-e820: [mem 0x000000007fff0000-0x000000007fffffff] ACPI data
Sep  5 16:08:06 cu-cs-vm kernel: [    0.000000] BIOS-e820: [mem 0x00000000fec00000-0x00000000fec00fff] reserved
Sep  5 16:08:06 cu-cs-vm kernel: [    0.000000] BIOS-e820: [mem 0x00000000fee00000-0x00000000fee00fff] reserved
Sep  5 16:08:06 cu-cs-vm kernel: [    0.000000] BIOS-e820: [mem 0x00000000fffc0000-0x00000000ffffffff] reserved
Sep  5 16:08:06 cu-cs-vm kernel: [    0.000000] NX (Execute Disable) protection: active
Sep  5 16:08:06 cu-cs-vm kernel: [    0.000000] SMBIOS 2.5 present.
Sep  5 16:08:06 cu-cs-vm kernel: [    0.000000] DMI: innotek GmbH VirtualBox/VirtualBox, BIOS VirtualBox 12/01/2006
Sep  5 16:08:06 cu-cs-vm kernel: [    0.000000] Hypervisor detected: KVM
Sep  5 16:08:06 cu-cs-vm kernel: [    0.000000] e820: update [mem 0x00000000-0x00000fff] usable ==> reserved
Sep  5 16:08:06 cu-cs-vm kernel: [    0.000000] e820: remove [mem 0x000a0000-0x000fffff] usable
Sep  5 16:08:06 cu-cs-vm kernel: [    0.000000] e820: last_pfn = 0x7fff0 max_arch_pfn = 0x400000000
Sep  5 16:08:06 cu-cs-vm kernel: [    0.000000] MTRR default type: uncachable
Sep  5 16:08:06 cu-cs-vm kernel: [    0.000000] MTRR variable ranges disabled:
Sep  5 16:08:06 cu-cs-vm kernel: [    0.000000] x86/PAT: Configuration [0-7]: WB  WC  UC- UC  WB  WC  UC- WT  
Sep  5 16:08:06 cu-cs-vm kernel: [    0.000000] MTRR: Disabled
Sep  5 16:08:06 cu-cs-vm kernel: [    0.000000] CPU MTRRs all blank - virtualized system.
Sep  5 16:08:06 cu-cs-vm kernel: [    0.000000] found SMP MP-table at [mem 0x0009fff0-0x0009ffff] mapped at [ffff88000009fff0]
Sep  5 16:08:06 cu-cs-vm kernel: [    0.000000] Scanning 1 areas for low memory corruption
Sep  5 16:08:06 cu-cs-vm kernel: [    0.000000] Base memory trampoline at [ffff880000099000] 99000 size 24576
Sep  5 16:08:06 cu-cs-vm kernel: [    0.000000] BRK [0x02200000, 0x02200fff] PGTABLE
Sep  5 16:08:06 cu-cs-vm kernel: [    0.000000] BRK [0x02201000, 0x02201fff] PGTABLE
Sep  5 16:08:06 cu-cs-vm kernel: [    0.000000] BRK [0x02202000, 0x02202fff] PGTABLE
Sep  5 16:08:06 cu-cs-vm kernel: [    0.000000] BRK [0x02203000, 0x02203fff] PGTABLE
Sep  5 16:08:06 cu-cs-vm kernel: [    0.000000] BRK [0x02204000, 0x02204fff] PGTABLE
Sep  5 16:08:06 cu-cs-vm kernel: [    0.000000] RAMDISK: [mem 0x33a58000-0x35d23fff]
Sep  5 16:08:06 cu-cs-vm kernel: [    0.000000] ACPI: Early table checksum verification disabled
Sep  5 16:08:06 cu-cs-vm kernel: [    0.000000] ACPI: RSDP 0x00000000000E0000 000024 (v02 VBOX  )
Sep  5 16:08:06 cu-cs-vm kernel: [    0.000000] ACPI: XSDT 0x000000007FFF0030 00003C (v01 VBOX   VBOXXSDT 00000001 ASL  00000061)
Sep  5 16:08:06 cu-cs-vm kernel: [    0.000000] ACPI: FACP 0x000000007FFF00F0 0000F4 (v04 VBOX   VBOXFACP 00000001 ASL  00000061)
Sep  5 16:08:06 cu-cs-vm kernel: [    0.000000] ACPI: DSDT 0x000000007FFF0470 00210F (v01 VBOX   VBOXBIOS 00000002 INTL 20100528)
Sep  5 16:08:06 cu-cs-vm kernel: [    0.000000] ACPI: FACS 0x000000007FFF0200 000040
Sep  5 16:08:06 cu-cs-vm kernel: [    0.000000] ACPI: FACS 0x000000007FFF0200 000040
Sep  5 16:08:06 cu-cs-vm kernel: [    0.000000] ACPI: APIC 0x000000007FFF0240 00005C (v02 VBOX   VBOXAPIC 00000001 ASL  00000061)
Sep  5 16:08:06 cu-cs-vm kernel: [    0.000000] ACPI: SSDT 0x000000007FFF02A0 0001CC (v01 VBOX   VBOXCPUT 00000002 INTL 20100528)
Sep  5 16:08:06 cu-cs-vm kernel: [    0.000000] ACPI: Local APIC address 0xfee00000
Sep  5 16:08:06 cu-cs-vm kernel: [    0.000000] No NUMA configuration found
Sep  5 16:08:06 cu-cs-vm kernel: [    0.000000] Faking a node at [mem 0x0000000000000000-0x000000007ffeffff]
Sep  5 16:08:06 cu-cs-vm kernel: [    0.000000] NODE_DATA(0) allocated [mem 0x7ffeb000-0x7ffeffff]
Sep  5 16:08:06 cu-cs-vm kernel: [    0.000000] Reserving 128MB of memory at 688MB for crashkernel (System RAM: 2047MB)
Sep  5 16:08:06 cu-cs-vm kernel: [    0.000000] kvm-clock: Using msrs 4b564d01 and 4b564d00
Sep  5 16:08:06 cu-cs-vm kernel: [    0.000000] kvm-clock: cpu 0, msr 0:7ffe7001, primary cpu clock
Sep  5 16:08:06 cu-cs-vm kernel: [    0.000000] kvm-clock: using sched offset of 1974145860884 cycles
Sep  5 16:08:06 cu-cs-vm kernel: [    0.000000] clocksource: kvm-clock: mask: 0xffffffffffffffff max_cycles: 0x1cd42e4dffb, max_idle_ns: 881590591483 ns
Sep  5 16:08:06 cu-cs-vm kernel: [    0.000000] Zone ranges:
Sep  5 16:08:06 cu-cs-vm kernel: [    0.000000]   DMA      [mem 0x0000000000001000-0x0000000000ffffff]
Sep  5 16:08:06 cu-cs-vm kernel: [    0.000000]   DMA32    [mem 0x0000000001000000-0x000000007ffeffff]
Sep  5 16:08:06 cu-cs-vm kernel: [    0.000000]   Normal   empty
Sep  5 16:08:06 cu-cs-vm kernel: [    0.000000]   Device   empty
Sep  5 16:08:06 cu-cs-vm kernel: [    0.000000] Movable zone start for each node
Sep  5 16:08:06 cu-cs-vm kernel: [    0.000000] Early memory node ranges
Sep  5 16:08:06 cu-cs-vm kernel: [    0.000000]   node   0: [mem 0x0000000000001000-0x000000000009efff]
Sep  5 16:08:06 cu-cs-vm kernel: [    0.000000]   node   0: [mem 0x0000000000100000-0x000000007ffeffff]
Sep  5 16:08:06 cu-cs-vm kernel: [    0.000000] Initmem setup node 0 [mem 0x0000000000001000-0x000000007ffeffff]
Sep  5 16:08:06 cu-cs-vm kernel: [    0.000000] On node 0 totalpages: 524174
Sep  5 16:08:06 cu-cs-vm kernel: [    0.000000]   DMA zone: 64 pages used for memmap
Sep  5 16:08:06 cu-cs-vm kernel: [    0.000000]   DMA zone: 21 pages reserved
Sep  5 16:08:06 cu-cs-vm kernel: [    0.000000]   DMA zone: 3998 pages, LIFO batch:0
Sep  5 16:08:06 cu-cs-vm kernel: [    0.000000]   DMA32 zone: 8128 pages used for memmap
Sep  5 16:08:06 cu-cs-vm kernel: [    0.000000]   DMA32 zone: 520176 pages, LIFO batch:31
Sep  5 16:08:06 cu-cs-vm kernel: [    0.000000] ACPI: PM-Timer IO Port: 0x4008
Sep  5 16:08:06 cu-cs-vm kernel: [    0.000000] ACPI: Local APIC address 0xfee00000
Sep  5 16:08:06 cu-cs-vm kernel: [    0.000000] IOAPIC[0]: apic_id 2, version 32, address 0xfec00000, GSI 0-23
Sep  5 16:08:06 cu-cs-vm kernel: [    0.000000] ACPI: INT_SRC_OVR (bus 0 bus_irq 0 global_irq 2 dfl dfl)
Sep  5 16:08:06 cu-cs-vm kernel: [    0.000000] ACPI: INT_SRC_OVR (bus 0 bus_irq 9 global_irq 9 high level)
Sep  5 16:08:06 cu-cs-vm kernel: [    0.000000] ACPI: IRQ0 used by override.
Sep  5 16:08:06 cu-cs-vm kernel: [    0.000000] ACPI: IRQ9 used by override.
Sep  5 16:08:06 cu-cs-vm kernel: [    0.000000] Using ACPI (MADT) for SMP configuration information
Sep  5 16:08:06 cu-cs-vm kernel: [    0.000000] smpboot: Allowing 2 CPUs, 0 hotplug CPUs
Sep  5 16:08:06 cu-cs-vm kernel: [    0.000000] PM: Registered nosave memory: [mem 0x00000000-0x00000fff]
Sep  5 16:08:06 cu-cs-vm kernel: [    0.000000] PM: Registered nosave memory: [mem 0x0009f000-0x0009ffff]
Sep  5 16:08:06 cu-cs-vm kernel: [    0.000000] PM: Registered nosave memory: [mem 0x000a0000-0x000effff]
Sep  5 16:08:06 cu-cs-vm kernel: [    0.000000] PM: Registered nosave memory: [mem 0x000f0000-0x000fffff]
Sep  5 16:08:06 cu-cs-vm kernel: [    0.000000] e820: [mem 0x80000000-0xfebfffff] available for PCI devices
Sep  5 16:08:06 cu-cs-vm kernel: [    0.000000] Booting paravirtualized kernel on KVM
Sep  5 16:08:06 cu-cs-vm kernel: [    0.000000] clocksource: refined-jiffies: mask: 0xffffffff max_cycles: 0xffffffff, max_idle_ns: 7645519600211568 ns
Sep  5 16:08:06 cu-cs-vm kernel: [    0.000000] setup_percpu: NR_CPUS:256 nr_cpumask_bits:256 nr_cpu_ids:2 nr_node_ids:1
Sep  5 16:08:06 cu-cs-vm kernel: [    0.000000] PERCPU: Embedded 33 pages/cpu @ffff88007fc00000 s98008 r8192 d28968 u1048576
Sep  5 16:08:06 cu-cs-vm kernel: [    0.000000] pcpu-alloc: s98008 r8192 d28968 u1048576 alloc=1*2097152
Sep  5 16:08:06 cu-cs-vm kernel: [    0.000000] pcpu-alloc: [0] 0 1 
Sep  5 16:08:06 cu-cs-vm kernel: [    0.000000] PV qspinlock hash table entries: 256 (order: 0, 4096 bytes)
Sep  5 16:08:06 cu-cs-vm kernel: [    0.000000] Built 1 zonelists in Node order, mobility grouping on.  Total pages: 515961
Sep  5 16:08:06 cu-cs-vm kernel: [    0.000000] Policy zone: DMA32
Sep  5 16:08:06 cu-cs-vm kernel: [    0.000000] Kernel command line: BOOT_IMAGE=/@/boot/vmlinuz-4.4.0-34-generic root=UUID=7edb9fb6-5937-400b-b2d4-95dbf988ef57 ro rootflags=subvol=@ crashkernel=384M-:128M
Sep  5 16:08:06 cu-cs-vm kernel: [    0.000000] PID hash table entries: 4096 (order: 3, 32768 bytes)
Sep  5 16:08:06 cu-cs-vm kernel: [    0.000000] Calgary: detecting Calgary via BIOS EBDA area
Sep  5 16:08:06 cu-cs-vm kernel: [    0.000000] Calgary: Unable to locate Rio Grande table in EBDA - bailing!
Sep  5 16:08:06 cu-cs-vm kernel: [    0.000000] Memory: 1878128K/2096696K available (8394K kernel code, 1282K rwdata, 3944K rodata, 1480K init, 1292K bss, 218568K reserved, 0K cma-reserved)
Sep  5 16:08:06 cu-cs-vm kernel: [    0.000000] SLUB: HWalign=64, Order=0-3, MinObjects=0, CPUs=2, Nodes=1
Sep  5 16:08:06 cu-cs-vm kernel: [    0.000000] Hierarchical RCU implementation.
Sep  5 16:08:06 cu-cs-vm kernel: [    0.000000] 	Build-time adjustment of leaf fanout to 64.
Sep  5 16:08:06 cu-cs-vm kernel: [    0.000000] 	RCU restricting CPUs from NR_CPUS=256 to nr_cpu_ids=2.
Sep  5 16:08:06 cu-cs-vm kernel: [    0.000000] RCU: Adjusting geometry for rcu_fanout_leaf=64, nr_cpu_ids=2
Sep  5 16:08:06 cu-cs-vm kernel: [    0.000000] NR_IRQS:16640 nr_irqs:440 16
Sep  5 16:08:06 cu-cs-vm kernel: [    0.000000] Console: colour VGA+ 80x25
Sep  5 16:08:06 cu-cs-vm kernel: [    0.000000] console [tty0] enabled
Sep  5 16:08:06 cu-cs-vm kernel: [    0.000000] tsc: Detected 2890.620 MHz processor
Sep  5 16:08:06 cu-cs-vm kernel: [    0.070096] Calibrating delay loop (skipped) preset value.. 5781.24 BogoMIPS (lpj=11562480)
Sep  5 16:08:06 cu-cs-vm kernel: [    0.070713] pid_max: default: 32768 minimum: 301
Sep  5 16:08:06 cu-cs-vm kernel: [    0.071077] ACPI: Core revision 20150930
Sep  5 16:08:06 cu-cs-vm kernel: [    0.072188] ACPI: 2 ACPI AML tables successfully acquired and loaded
Sep  5 16:08:06 cu-cs-vm kernel: [    0.072643] Security Framework initialized
Sep  5 16:08:06 cu-cs-vm kernel: [    0.072966] Yama: becoming mindful.
Sep  5 16:08:06 cu-cs-vm kernel: [    0.073263] AppArmor: AppArmor initialized
Sep  5 16:08:06 cu-cs-vm kernel: [    0.073911] Dentry cache hash table entries: 262144 (order: 9, 2097152 bytes)
Sep  5 16:08:06 cu-cs-vm kernel: [    0.074670] Inode-cache hash table entries: 131072 (order: 8, 1048576 bytes)
Sep  5 16:08:06 cu-cs-vm kernel: [    0.075241] Mount-cache hash table entries: 4096 (order: 3, 32768 bytes)
Sep  5 16:08:06 cu-cs-vm kernel: [    0.075614] Mountpoint-cache hash table entries: 4096 (order: 3, 32768 bytes)
Sep  5 16:08:06 cu-cs-vm kernel: [    0.076381] Initializing cgroup subsys io
Sep  5 16:08:06 cu-cs-vm kernel: [    0.076702] Initializing cgroup subsys memory
Sep  5 16:08:06 cu-cs-vm kernel: [    0.077024] Initializing cgroup subsys devices
Sep  5 16:08:06 cu-cs-vm kernel: [    0.077338] Initializing cgroup subsys freezer
Sep  5 16:08:06 cu-cs-vm kernel: [    0.077657] Initializing cgroup subsys net_cls
Sep  5 16:08:06 cu-cs-vm kernel: [    0.077986] Initializing cgroup subsys perf_event
Sep  5 16:08:06 cu-cs-vm kernel: [    0.078302] Initializing cgroup subsys net_prio
Sep  5 16:08:06 cu-cs-vm kernel: [    0.078680] Initializing cgroup subsys hugetlb
Sep  5 16:08:06 cu-cs-vm kernel: [    0.079005] Initializing cgroup subsys pids
Sep  5 16:08:06 cu-cs-vm kernel: [    0.079380] CPU: Physical Processor ID: 0
Sep  5 16:08:06 cu-cs-vm kernel: [    0.079705] CPU: Processor Core ID: 0
Sep  5 16:08:06 cu-cs-vm kernel: [    0.080258] mce: CPU supports 0 MCE banks
Sep  5 16:08:06 cu-cs-vm kernel: [    0.080574] Last level iTLB entries: 4KB 512, 2MB 8, 4MB 8
Sep  5 16:08:06 cu-cs-vm kernel: [    0.080938] Last level dTLB entries: 4KB 512, 2MB 32, 4MB 32, 1GB 0
Sep  5 16:08:06 cu-cs-vm kernel: [    0.083206] Freeing SMP alternatives memory: 28K (ffffffff820b4000 - ffffffff820bb000)
Sep  5 16:08:06 cu-cs-vm kernel: [    0.091738] ftrace: allocating 31994 entries in 125 pages
Sep  5 16:08:06 cu-cs-vm kernel: [    0.133160] smpboot: Max logical packages: 1
Sep  5 16:08:06 cu-cs-vm kernel: [    0.133498] smpboot: APIC(0) Converting physical 0 to logical package 0
Sep  5 16:08:06 cu-cs-vm kernel: [    0.135068] ..TIMER: vector=0x30 apic1=0 pin1=2 apic2=-1 pin2=-1
Sep  5 16:08:06 cu-cs-vm kernel: [    0.241713] smpboot: CPU0: Intel(R) Core(TM) i7-3520M CPU @ 2.90GHz (family: 0x6, model: 0x3a, stepping: 0x9)
Sep  5 16:08:06 cu-cs-vm kernel: [    0.242506] Performance Events: unsupported p6 CPU model 58 no PMU driver, software events only.
Sep  5 16:08:06 cu-cs-vm kernel: [    0.243237] KVM setup paravirtual spinlock
Sep  5 16:08:06 cu-cs-vm kernel: [    0.244230] x86: Booting SMP configuration:
Sep  5 16:08:06 cu-cs-vm kernel: [    0.244540] .... node  #0, CPUs:      #1
Sep  5 16:08:06 cu-cs-vm kernel: [    0.244980] kvm-clock: cpu 1, msr 0:7ffe7041, secondary cpu clock
Sep  5 16:08:06 cu-cs-vm kernel: [    0.245405] mce: CPU supports 0 MCE banks
Sep  5 16:08:06 cu-cs-vm kernel: [    0.247477] x86: Booted up 1 node, 2 CPUs
Sep  5 16:08:06 cu-cs-vm kernel: [    0.248686] smpboot: Total of 2 processors activated (11562.48 BogoMIPS)
Sep  5 16:08:06 cu-cs-vm kernel: [    0.249474] devtmpfs: initialized
Sep  5 16:08:06 cu-cs-vm kernel: [    0.251755] evm: security.selinux
Sep  5 16:08:06 cu-cs-vm kernel: [    0.252117] evm: security.SMACK64
Sep  5 16:08:06 cu-cs-vm kernel: [    0.252397] evm: security.SMACK64EXEC
Sep  5 16:08:06 cu-cs-vm kernel: [    0.252684] evm: security.SMACK64TRANSMUTE
Sep  5 16:08:06 cu-cs-vm kernel: [    0.253013] evm: security.SMACK64MMAP
Sep  5 16:08:06 cu-cs-vm kernel: [    0.253298] evm: security.ima
Sep  5 16:08:06 cu-cs-vm kernel: [    0.253567] evm: security.capability
Sep  5 16:08:06 cu-cs-vm kernel: [    0.254135] clocksource: jiffies: mask: 0xffffffff max_cycles: 0xffffffff, max_idle_ns: 7645041785100000 ns
Sep  5 16:08:06 cu-cs-vm kernel: [    0.254912] pinctrl core: initialized pinctrl subsystem
Sep  5 16:08:06 cu-cs-vm kernel: [    0.255354] RTC time: 22:07:56, date: 09/05/16
Sep  5 16:08:06 cu-cs-vm kernel: [    0.255880] NET: Registered protocol family 16
Sep  5 16:08:06 cu-cs-vm kernel: [    0.267705] cpuidle: using governor ladder
Sep  5 16:08:06 cu-cs-vm kernel: [    0.279460] cpuidle: using governor menu
Sep  5 16:08:06 cu-cs-vm kernel: [    0.279773] PCCT header not found.
Sep  5 16:08:06 cu-cs-vm kernel: [    0.280123] ACPI: bus type PCI registered
Sep  5 16:08:06 cu-cs-vm kernel: [    0.280426] acpiphp: ACPI Hot Plug PCI Controller Driver version: 0.5
Sep  5 16:08:06 cu-cs-vm kernel: [    0.280881] PCI: Using configuration type 1 for base access
Sep  5 16:08:06 cu-cs-vm kernel: [    0.291855] ACPI: Added _OSI(Module Device)
Sep  5 16:08:06 cu-cs-vm kernel: [    0.292178] ACPI: Added _OSI(Processor Device)
Sep  5 16:08:06 cu-cs-vm kernel: [    0.292513] ACPI: Added _OSI(3.0 _SCP Extensions)
Sep  5 16:08:06 cu-cs-vm kernel: [    0.292846] ACPI: Added _OSI(Processor Aggregator Device)
Sep  5 16:08:06 cu-cs-vm kernel: [    0.293847] ACPI: Executed 1 blocks of module-level executable AML code
Sep  5 16:08:06 cu-cs-vm kernel: [    0.296312] ACPI: Interpreter enabled
Sep  5 16:08:06 cu-cs-vm kernel: [    0.296608] ACPI Exception: AE_NOT_FOUND, While evaluating Sleep State [\_S1_] (20150930/hwxface-580)
Sep  5 16:08:06 cu-cs-vm kernel: [    0.297293] ACPI Exception: AE_NOT_FOUND, While evaluating Sleep State [\_S2_] (20150930/hwxface-580)
Sep  5 16:08:06 cu-cs-vm kernel: [    0.297959] ACPI Exception: AE_NOT_FOUND, While evaluating Sleep State [\_S3_] (20150930/hwxface-580)
Sep  5 16:08:06 cu-cs-vm kernel: [    0.298672] ACPI Exception: AE_NOT_FOUND, While evaluating Sleep State [\_S4_] (20150930/hwxface-580)
Sep  5 16:08:06 cu-cs-vm kernel: [    0.299387] ACPI: (supports S0 S5)
Sep  5 16:08:06 cu-cs-vm kernel: [    0.299673] ACPI: Using IOAPIC for interrupt routing
Sep  5 16:08:06 cu-cs-vm kernel: [    0.300202] PCI: Using host bridge windows from ACPI; if necessary, use "pci=nocrs" and report a bug
Sep  5 16:08:06 cu-cs-vm kernel: [    0.304026] ACPI: PCI Root Bridge [PCI0] (domain 0000 [bus 00-ff])
Sep  5 16:08:06 cu-cs-vm kernel: [    0.304417] acpi PNP0A03:00: _OSC: OS supports [ASPM ClockPM Segments MSI]
Sep  5 16:08:06 cu-cs-vm kernel: [    0.304820] acpi PNP0A03:00: _OSC failed (AE_NOT_FOUND); disabling ASPM
Sep  5 16:08:06 cu-cs-vm kernel: [    0.305233] acpi PNP0A03:00: fail to add MMCONFIG information, can't access extended PCI configuration space under this bridge.
Sep  5 16:08:06 cu-cs-vm kernel: [    0.306146] PCI host bridge to bus 0000:00
Sep  5 16:08:06 cu-cs-vm kernel: [    0.306450] pci_bus 0000:00: root bus resource [io  0x0000-0x0cf7 window]
Sep  5 16:08:06 cu-cs-vm kernel: [    0.306814] pci_bus 0000:00: root bus resource [io  0x0d00-0xffff window]
Sep  5 16:08:06 cu-cs-vm kernel: [    0.307208] pci_bus 0000:00: root bus resource [mem 0x000a0000-0x000bffff window]
Sep  5 16:08:06 cu-cs-vm kernel: [    0.307780] pci_bus 0000:00: root bus resource [mem 0x80000000-0xffdfffff window]
Sep  5 16:08:06 cu-cs-vm kernel: [    0.317644] pci_bus 0000:00: root bus resource [bus 00-ff]
Sep  5 16:08:06 cu-cs-vm kernel: [    0.318082] pci 0000:00:00.0: [8086:1237] type 00 class 0x060000
Sep  5 16:08:06 cu-cs-vm kernel: [    0.318670] pci 0000:00:01.0: [8086:7000] type 00 class 0x060100
Sep  5 16:08:06 cu-cs-vm kernel: [    0.319321] pci 0000:00:02.0: [80ee:beef] type 00 class 0x030000
Sep  5 16:08:06 cu-cs-vm kernel: [    0.321602] pci 0000:00:02.0: reg 0x10: [mem 0xe0000000-0xe3ffffff pref]
Sep  5 16:08:06 cu-cs-vm kernel: [    0.336653] pci 0000:00:03.0: [8086:100e] type 00 class 0x020000
Sep  5 16:08:06 cu-cs-vm kernel: [    0.337922] pci 0000:00:03.0: reg 0x10: [mem 0xf0000000-0xf001ffff]
Sep  5 16:08:06 cu-cs-vm kernel: [    0.340118] pci 0000:00:03.0: reg 0x18: [io  0xd000-0xd007]
Sep  5 16:08:06 cu-cs-vm kernel: [    0.345186] pci 0000:00:04.0: [80ee:cafe] type 00 class 0x088000
Sep  5 16:08:06 cu-cs-vm kernel: [    0.346419] pci 0000:00:04.0: reg 0x10: [io  0xd020-0xd03f]
Sep  5 16:08:06 cu-cs-vm kernel: [    0.347554] pci 0000:00:04.0: reg 0x14: [mem 0xf0400000-0xf07fffff]
Sep  5 16:08:06 cu-cs-vm kernel: [    0.348621] pci 0000:00:04.0: reg 0x18: [mem 0xf0800000-0xf0803fff pref]
Sep  5 16:08:06 cu-cs-vm kernel: [    0.353323] pci 0000:00:05.0: [8086:2415] type 00 class 0x040100
Sep  5 16:08:06 cu-cs-vm kernel: [    0.353443] pci 0000:00:05.0: reg 0x10: [io  0xd100-0xd1ff]
Sep  5 16:08:06 cu-cs-vm kernel: [    0.353512] pci 0000:00:05.0: reg 0x14: [io  0xd200-0xd23f]
Sep  5 16:08:06 cu-cs-vm kernel: [    0.354111] pci 0000:00:06.0: [106b:003f] type 00 class 0x0c0310
Sep  5 16:08:06 cu-cs-vm kernel: [    0.355308] pci 0000:00:06.0: reg 0x10: [mem 0xf0804000-0xf0804fff]
Sep  5 16:08:06 cu-cs-vm kernel: [    0.362607] pci 0000:00:07.0: [8086:7113] type 00 class 0x068000
Sep  5 16:08:06 cu-cs-vm kernel: [    0.363117] pci 0000:00:07.0: quirk: [io  0x4000-0x403f] claimed by PIIX4 ACPI
Sep  5 16:08:06 cu-cs-vm kernel: [    0.363712] pci 0000:00:07.0: quirk: [io  0x4100-0x410f] claimed by PIIX4 SMB
Sep  5 16:08:06 cu-cs-vm kernel: [    0.364432] pci 0000:00:0d.0: [8086:2829] type 00 class 0x010601
Sep  5 16:08:06 cu-cs-vm kernel: [    0.365712] pci 0000:00:0d.0: reg 0x10: [io  0xd240-0xd247]
Sep  5 16:08:06 cu-cs-vm kernel: [    0.368047] pci 0000:00:0d.0: reg 0x18: [io  0xd250-0xd257]
Sep  5 16:08:06 cu-cs-vm kernel: [    0.370330] pci 0000:00:0d.0: reg 0x20: [io  0xd260-0xd26f]
Sep  5 16:08:06 cu-cs-vm kernel: [    0.371486] pci 0000:00:0d.0: reg 0x24: [mem 0xf0806000-0xf0807fff]
Sep  5 16:08:06 cu-cs-vm kernel: [    0.373834] ACPI: PCI Interrupt Link [LNKA] (IRQs 5 9 10 *11)
Sep  5 16:08:06 cu-cs-vm kernel: [    0.374959] ACPI: PCI Interrupt Link [LNKB] (IRQs 5 9 10 *11)
Sep  5 16:08:06 cu-cs-vm kernel: [    0.375764] ACPI: PCI Interrupt Link [LNKC] (IRQs 5 9 *10 11)
Sep  5 16:08:06 cu-cs-vm kernel: [    0.376461] ACPI: PCI Interrupt Link [LNKD] (IRQs 5 *9 10 11)
Sep  5 16:08:06 cu-cs-vm kernel: [    0.377172] ACPI: Enabled 2 GPEs in block 00 to 07
Sep  5 16:08:06 cu-cs-vm kernel: [    0.377949] vgaarb: setting as boot device: PCI:0000:00:02.0
Sep  5 16:08:06 cu-cs-vm kernel: [    0.378315] vgaarb: device added: PCI:0000:00:02.0,decodes=io+mem,owns=io+mem,locks=none
Sep  5 16:08:06 cu-cs-vm kernel: [    0.378870] vgaarb: loaded
Sep  5 16:08:06 cu-cs-vm kernel: [    0.379134] vgaarb: bridge control possible 0000:00:02.0
Sep  5 16:08:06 cu-cs-vm kernel: [    0.379720] SCSI subsystem initialized
Sep  5 16:08:06 cu-cs-vm kernel: [    0.380214] libata version 3.00 loaded.
Sep  5 16:08:06 cu-cs-vm kernel: [    0.380245] ACPI: bus type USB registered
Sep  5 16:08:06 cu-cs-vm kernel: [    0.380575] usbcore: registered new interface driver usbfs
Sep  5 16:08:06 cu-cs-vm kernel: [    0.380920] usbcore: registered new interface driver hub
Sep  5 16:08:06 cu-cs-vm kernel: [    0.381277] usbcore: registered new device driver usb
Sep  5 16:08:06 cu-cs-vm kernel: [    0.382069] PCI: Using ACPI for IRQ routing
Sep  5 16:08:06 cu-cs-vm kernel: [    0.382389] PCI: pci_cache_line_size set to 64 bytes
Sep  5 16:08:06 cu-cs-vm kernel: [    0.382544] e820: reserve RAM buffer [mem 0x0009fc00-0x0009ffff]
Sep  5 16:08:06 cu-cs-vm kernel: [    0.382549] e820: reserve RAM buffer [mem 0x7fff0000-0x7fffffff]
Sep  5 16:08:06 cu-cs-vm kernel: [    0.382658] NetLabel: Initializing
Sep  5 16:08:06 cu-cs-vm kernel: [    0.382959] NetLabel:  domain hash size = 128
Sep  5 16:08:06 cu-cs-vm kernel: [    0.383285] NetLabel:  protocols = UNLABELED CIPSOv4
Sep  5 16:08:06 cu-cs-vm kernel: [    0.383633] NetLabel:  unlabeled traffic allowed by default
Sep  5 16:08:06 cu-cs-vm kernel: [    0.384227] clocksource: Switched to clocksource kvm-clock
Sep  5 16:08:06 cu-cs-vm kernel: [    0.390514] AppArmor: AppArmor Filesystem Enabled
Sep  5 16:08:06 cu-cs-vm kernel: [    0.390894] pnp: PnP ACPI init
Sep  5 16:08:06 cu-cs-vm kernel: [    0.391260] pnp 00:00: Plug and Play ACPI device, IDs PNP0303 (active)
Sep  5 16:08:06 cu-cs-vm kernel: [    0.391320] pnp 00:01: Plug and Play ACPI device, IDs PNP0f03 (active)
Sep  5 16:08:06 cu-cs-vm kernel: [    0.391853] pnp: PnP ACPI: found 2 devices
Sep  5 16:08:06 cu-cs-vm kernel: [    0.405664] clocksource: acpi_pm: mask: 0xffffff max_cycles: 0xffffff, max_idle_ns: 2085701024 ns
Sep  5 16:08:06 cu-cs-vm kernel: [    0.406268] pci_bus 0000:00: resource 4 [io  0x0000-0x0cf7 window]
Sep  5 16:08:06 cu-cs-vm kernel: [    0.406269] pci_bus 0000:00: resource 5 [io  0x0d00-0xffff window]
Sep  5 16:08:06 cu-cs-vm kernel: [    0.406271] pci_bus 0000:00: resource 6 [mem 0x000a0000-0x000bffff window]
Sep  5 16:08:06 cu-cs-vm kernel: [    0.406272] pci_bus 0000:00: resource 7 [mem 0x80000000-0xffdfffff window]
Sep  5 16:08:06 cu-cs-vm kernel: [    0.406301] NET: Registered protocol family 2
Sep  5 16:08:06 cu-cs-vm kernel: [    0.406761] TCP established hash table entries: 16384 (order: 5, 131072 bytes)
Sep  5 16:08:06 cu-cs-vm kernel: [    0.407340] TCP bind hash table entries: 16384 (order: 6, 262144 bytes)
Sep  5 16:08:06 cu-cs-vm kernel: [    0.407731] TCP: Hash tables configured (established 16384 bind 16384)
Sep  5 16:08:06 cu-cs-vm kernel: [    0.408120] UDP hash table entries: 1024 (order: 3, 32768 bytes)
Sep  5 16:08:06 cu-cs-vm kernel: [    0.408477] UDP-Lite hash table entries: 1024 (order: 3, 32768 bytes)
Sep  5 16:08:06 cu-cs-vm kernel: [    0.408899] NET: Registered protocol family 1
Sep  5 16:08:06 cu-cs-vm kernel: [    0.409221] pci 0000:00:00.0: Limiting direct PCI/PCI transfers
Sep  5 16:08:06 cu-cs-vm kernel: [    0.409672] pci 0000:00:01.0: Activating ISA DMA hang workarounds
Sep  5 16:08:06 cu-cs-vm kernel: [    0.410197] pci 0000:00:02.0: Video device with shadowed ROM
Sep  5 16:08:06 cu-cs-vm kernel: [    0.411370] PCI: CLS 0 bytes, default 64
Sep  5 16:08:06 cu-cs-vm kernel: [    0.411429] Trying to unpack rootfs image as initramfs...
Sep  5 16:08:06 cu-cs-vm kernel: [    0.819004] Freeing initrd memory: 35632K (ffff880033a58000 - ffff880035d24000)
Sep  5 16:08:06 cu-cs-vm kernel: [    0.819668] RAPL PMU detected, API unit is 2^-32 Joules, 3 fixed counters 10737418240 ms ovfl timer
Sep  5 16:08:06 cu-cs-vm kernel: [    0.820260] hw unit of domain pp0-core 2^-0 Joules
Sep  5 16:08:06 cu-cs-vm kernel: [    0.820579] hw unit of domain package 2^-0 Joules
Sep  5 16:08:06 cu-cs-vm kernel: [    0.820895] hw unit of domain pp1-gpu 2^-0 Joules
Sep  5 16:08:06 cu-cs-vm kernel: [    0.821306] platform rtc_cmos: registered platform RTC device (no PNP device found)
Sep  5 16:08:06 cu-cs-vm kernel: [    0.821918] Scanning for low memory corruption every 60 seconds
Sep  5 16:08:06 cu-cs-vm kernel: [    0.822810] futex hash table entries: 512 (order: 3, 32768 bytes)
Sep  5 16:08:06 cu-cs-vm kernel: [    0.823189] audit: initializing netlink subsys (disabled)
Sep  5 16:08:06 cu-cs-vm kernel: [    0.823539] audit: type=2000 audit(1473115252.549:1): initialized
Sep  5 16:08:06 cu-cs-vm kernel: [    0.824128] Initialise system trusted keyring
Sep  5 16:08:06 cu-cs-vm kernel: [    0.824861] HugeTLB registered 2 MB page size, pre-allocated 0 pages
Sep  5 16:08:06 cu-cs-vm kernel: [    0.826434] zbud: loaded
Sep  5 16:08:06 cu-cs-vm kernel: [    0.826990] VFS: Disk quotas dquot_6.6.0
Sep  5 16:08:06 cu-cs-vm kernel: [    0.827340] VFS: Dquot-cache hash table entries: 512 (order 0, 4096 bytes)
Sep  5 16:08:06 cu-cs-vm kernel: [    0.827944] squashfs: version 4.0 (2009/01/31) Phillip Lougher
Sep  5 16:08:06 cu-cs-vm kernel: [    0.828617] fuse init (API version 7.23)
Sep  5 16:08:06 cu-cs-vm kernel: [    0.829043] Key type big_key registered
Sep  5 16:08:06 cu-cs-vm kernel: [    0.829394] Allocating IMA MOK and blacklist keyrings.
Sep  5 16:08:06 cu-cs-vm kernel: [    0.832341] Key type asymmetric registered
Sep  5 16:08:06 cu-cs-vm kernel: [    0.832671] Asymmetric key parser 'x509' registered
Sep  5 16:08:06 cu-cs-vm kernel: [    0.833039] Block layer SCSI generic (bsg) driver version 0.4 loaded (major 249)
Sep  5 16:08:06 cu-cs-vm kernel: [    0.833721] io scheduler noop registered
Sep  5 16:08:06 cu-cs-vm kernel: [    0.834045] io scheduler deadline registered (default)
Sep  5 16:08:06 cu-cs-vm kernel: [    0.834415] io scheduler cfq registered
Sep  5 16:08:06 cu-cs-vm kernel: [    0.834794] pci_hotplug: PCI Hot Plug PCI Core version: 0.5
Sep  5 16:08:06 cu-cs-vm kernel: [    0.835168] pciehp: PCI Express Hot Plug Controller Driver version: 0.4
Sep  5 16:08:06 cu-cs-vm kernel: [    0.835583] intel_idle: does not run on family 6 model 58
Sep  5 16:08:06 cu-cs-vm kernel: [    0.835698] ACPI: AC Adapter [AC] (on-line)
Sep  5 16:08:06 cu-cs-vm kernel: [    0.836072] input: Power Button as /devices/LNXSYSTM:00/LNXPWRBN:00/input/input0
Sep  5 16:08:06 cu-cs-vm kernel: [    0.836622] ACPI: Power Button [PWRF]
Sep  5 16:08:06 cu-cs-vm kernel: [    0.837286] input: Sleep Button as /devices/LNXSYSTM:00/LNXSLPBN:00/input/input1
Sep  5 16:08:06 cu-cs-vm kernel: [    0.837896] ACPI: Sleep Button [SLPF]
Sep  5 16:08:06 cu-cs-vm kernel: [    0.839118] ACPI: Battery Slot [BAT0] (battery present)
Sep  5 16:08:06 cu-cs-vm kernel: [    0.839480] GHES: HEST is not enabled!
Sep  5 16:08:06 cu-cs-vm kernel: [    0.839854] Serial: 8250/16550 driver, 32 ports, IRQ sharing enabled
Sep  5 16:08:06 cu-cs-vm kernel: [    0.841292] Linux agpgart interface v0.103
Sep  5 16:08:06 cu-cs-vm kernel: [    0.845306] brd: module loaded
Sep  5 16:08:06 cu-cs-vm kernel: [    0.847253] loop: module loaded
Sep  5 16:08:06 cu-cs-vm kernel: [    0.847738] libphy: Fixed MDIO Bus: probed
Sep  5 16:08:06 cu-cs-vm kernel: [    0.848068] tun: Universal TUN/TAP device driver, 1.6
Sep  5 16:08:06 cu-cs-vm kernel: [    0.848411] tun: (C) 1999-2004 Max Krasnyansky <maxk@qualcomm.com>
Sep  5 16:08:06 cu-cs-vm kernel: [    0.848817] PPP generic driver version 2.4.2
Sep  5 16:08:06 cu-cs-vm kernel: [    0.849188] ehci_hcd: USB 2.0 'Enhanced' Host Controller (EHCI) Driver
Sep  5 16:08:06 cu-cs-vm kernel: [    0.849641] ehci-pci: EHCI PCI platform driver
Sep  5 16:08:06 cu-cs-vm kernel: [    0.849983] ehci-platform: EHCI generic platform driver
Sep  5 16:08:06 cu-cs-vm kernel: [    0.850342] ohci_hcd: USB 1.1 'Open' Host Controller (OHCI) Driver
Sep  5 16:08:06 cu-cs-vm kernel: [    0.850735] ohci-pci: OHCI PCI platform driver
Sep  5 16:08:06 cu-cs-vm kernel: [    0.851573] ohci-pci 0000:00:06.0: OHCI PCI host controller
Sep  5 16:08:06 cu-cs-vm kernel: [    0.851920] ohci-pci 0000:00:06.0: new USB bus registered, assigned bus number 1
Sep  5 16:08:06 cu-cs-vm kernel: [    0.852593] ohci-pci 0000:00:06.0: irq 22, io mem 0xf0804000
Sep  5 16:08:06 cu-cs-vm kernel: [    0.909601] usb usb1: New USB device found, idVendor=1d6b, idProduct=0001
Sep  5 16:08:06 cu-cs-vm kernel: [    0.910729] usb usb1: New USB device strings: Mfr=3, Product=2, SerialNumber=1
Sep  5 16:08:06 cu-cs-vm kernel: [    0.912464] usb usb1: Product: OHCI PCI host controller
Sep  5 16:08:06 cu-cs-vm kernel: [    0.913457] usb usb1: Manufacturer: Linux 4.4.0-34-generic ohci_hcd
Sep  5 16:08:06 cu-cs-vm kernel: [    0.914510] usb usb1: SerialNumber: 0000:00:06.0
Sep  5 16:08:06 cu-cs-vm kernel: [    0.915906] hub 1-0:1.0: USB hub found
Sep  5 16:08:06 cu-cs-vm kernel: [    0.916863] hub 1-0:1.0: 12 ports detected
Sep  5 16:08:06 cu-cs-vm kernel: [    0.919569] ohci-platform: OHCI generic platform driver
Sep  5 16:08:06 cu-cs-vm kernel: [    0.920752] uhci_hcd: USB Universal Host Controller Interface driver
Sep  5 16:08:06 cu-cs-vm kernel: [    0.922011] i8042: PNP: PS/2 Controller [PNP0303:PS2K,PNP0f03:PS2M] at 0x60,0x64 irq 1,12
Sep  5 16:08:06 cu-cs-vm kernel: [    0.924596] serio: i8042 KBD port at 0x60,0x64 irq 1
Sep  5 16:08:06 cu-cs-vm kernel: [    0.925808] serio: i8042 AUX port at 0x60,0x64 irq 12
Sep  5 16:08:06 cu-cs-vm kernel: [    0.927087] mousedev: PS/2 mouse device common for all mice
Sep  5 16:08:06 cu-cs-vm kernel: [    0.929053] input: AT Translated Set 2 keyboard as /devices/platform/i8042/serio0/input/input2
Sep  5 16:08:06 cu-cs-vm kernel: [    0.932013] rtc_cmos rtc_cmos: rtc core: registered rtc_cmos as rtc0
Sep  5 16:08:06 cu-cs-vm kernel: [    0.933333] rtc_cmos rtc_cmos: alarms up to one day, 114 bytes nvram
Sep  5 16:08:06 cu-cs-vm kernel: [    0.934492] i2c /dev entries driver
Sep  5 16:08:06 cu-cs-vm kernel: [    0.935566] device-mapper: uevent: version 1.0.3
Sep  5 16:08:06 cu-cs-vm kernel: [    0.936803] device-mapper: ioctl: 4.34.0-ioctl (2015-10-28) initialised: dm-devel@redhat.com
Sep  5 16:08:06 cu-cs-vm kernel: [    0.938687] ledtrig-cpu: registered to indicate activity on CPUs
Sep  5 16:08:06 cu-cs-vm kernel: [    0.941762] NET: Registered protocol family 10
Sep  5 16:08:06 cu-cs-vm kernel: [    0.942440] NET: Registered protocol family 17
Sep  5 16:08:06 cu-cs-vm kernel: [    0.942787] Key type dns_resolver registered
Sep  5 16:08:06 cu-cs-vm kernel: [    0.943337] microcode: CPU0 sig=0x306a9, pf=0x2, revision=0x19
Sep  5 16:08:06 cu-cs-vm kernel: [    0.943724] microcode: CPU1 sig=0x306a9, pf=0x2, revision=0x19
Sep  5 16:08:06 cu-cs-vm kernel: [    0.944127] microcode: Microcode Update Driver: v2.01 <tigran@aivazian.fsnet.co.uk>, Peter Oruba
Sep  5 16:08:06 cu-cs-vm kernel: [    0.944870] registered taskstats version 1
Sep  5 16:08:06 cu-cs-vm kernel: [    0.945209] Loading compiled-in X.509 certificates
Sep  5 16:08:06 cu-cs-vm kernel: [    0.946255] Loaded X.509 cert 'Build time autogenerated kernel key: c40ffa48d8617ce4553ee3ab59017c95e74f2501'
Sep  5 16:08:06 cu-cs-vm kernel: [    0.946913] zswap: loaded using pool lzo/zbud
Sep  5 16:08:06 cu-cs-vm kernel: [    0.949461] Key type trusted registered
Sep  5 16:08:06 cu-cs-vm kernel: [    0.954131] Key type encrypted registered
Sep  5 16:08:06 cu-cs-vm kernel: [    0.954473] AppArmor: AppArmor sha1 policy hashing enabled
Sep  5 16:08:06 cu-cs-vm kernel: [    0.954823] ima: No TPM chip found, activating TPM-bypass!
Sep  5 16:08:06 cu-cs-vm kernel: [    0.955200] evm: HMAC attrs: 0x1
Sep  5 16:08:06 cu-cs-vm kernel: [    0.955990]   Magic number: 0:792:147
Sep  5 16:08:06 cu-cs-vm kernel: [    0.956478] rtc_cmos rtc_cmos: setting system clock to 2016-09-05 22:07:57 UTC (1473113277)
Sep  5 16:08:06 cu-cs-vm kernel: [    0.957270] BIOS EDD facility v0.16 2004-Jun-25, 0 devices found
Sep  5 16:08:06 cu-cs-vm kernel: [    0.957638] EDD information not available.
Sep  5 16:08:06 cu-cs-vm kernel: [    0.957997] PM: Hibernation image not present or could not be loaded.
Sep  5 16:08:06 cu-cs-vm kernel: [    0.959014] Freeing unused kernel memory: 1480K (ffffffff81f42000 - ffffffff820b4000)
Sep  5 16:08:06 cu-cs-vm kernel: [    0.959620] Write protecting the kernel read-only data: 14336k
Sep  5 16:08:06 cu-cs-vm kernel: [    0.960959] Freeing unused kernel memory: 1832K (ffff880001836000 - ffff880001a00000)
Sep  5 16:08:06 cu-cs-vm kernel: [    0.961982] Freeing unused kernel memory: 152K (ffff880001dda000 - ffff880001e00000)
Sep  5 16:08:06 cu-cs-vm kernel: [    0.973876] random: systemd-udevd urandom read with 2 bits of entropy available
Sep  5 16:08:06 cu-cs-vm kernel: [    1.009884] ahci 0000:00:0d.0: version 3.0
Sep  5 16:08:06 cu-cs-vm kernel: [    1.010398] ahci 0000:00:0d.0: SSS flag set, parallel bus scan disabled
Sep  5 16:08:06 cu-cs-vm kernel: [    1.010941] ahci 0000:00:0d.0: AHCI 0001.0100 32 slots 2 ports 3 Gbps 0x3 impl SATA mode
Sep  5 16:08:06 cu-cs-vm kernel: [    1.011538] ahci 0000:00:0d.0: flags: 64bit ncq stag only ccc 
Sep  5 16:08:06 cu-cs-vm kernel: [    1.028086] e1000: Intel(R) PRO/1000 Network Driver - version 7.3.21-k8-NAPI
Sep  5 16:08:06 cu-cs-vm kernel: [    1.028597] e1000: Copyright (c) 1999-2006 Intel Corporation.
Sep  5 16:08:06 cu-cs-vm kernel: [    1.031313] scsi host0: ahci
Sep  5 16:08:06 cu-cs-vm kernel: [    1.039712] scsi host1: ahci
Sep  5 16:08:06 cu-cs-vm kernel: [    1.040095] ata1: SATA max UDMA/133 abar m8192@0xf0806000 port 0xf0806100 irq 21
Sep  5 16:08:06 cu-cs-vm kernel: [    1.040704] ata2: SATA max UDMA/133 abar m8192@0xf0806000 port 0xf0806180 irq 21
Sep  5 16:08:06 cu-cs-vm kernel: [    1.046849] [drm] Initialized drm 1.1.0 20060810
Sep  5 16:08:06 cu-cs-vm kernel: [    1.051847] ACPI: Video Device [GFX0] (multi-head: yes  rom: no  post: no)
Sep  5 16:08:06 cu-cs-vm kernel: [    1.052309] input: Video Bus as /devices/LNXSYSTM:00/LNXSYBUS:00/PNP0A03:00/LNXVIDEO:00/input/input4
Sep  5 16:08:06 cu-cs-vm kernel: [    1.075761] FUJITSU Extended Socket Network Device Driver - version 1.0 - Copyright (c) 2015 FUJITSU LIMITED
Sep  5 16:08:06 cu-cs-vm kernel: [    1.326554] input: ImExPS/2 Generic Explorer Mouse as /devices/platform/i8042/serio1/input/input5
Sep  5 16:08:06 cu-cs-vm kernel: [    1.354967] usb 1-1: new full-speed USB device number 2 using ohci-pci
Sep  5 16:08:06 cu-cs-vm kernel: [    1.360464] ata1: SATA link up 3.0 Gbps (SStatus 123 SControl 300)
Sep  5 16:08:06 cu-cs-vm kernel: [    1.361211] ata1.00: ATA-8: VBOX HARDDISK, 1.0, max UDMA/133
Sep  5 16:08:06 cu-cs-vm kernel: [    1.361831] ata1.00: 134217728 sectors, multi 128: LBA48 NCQ (depth 31/32)
Sep  5 16:08:06 cu-cs-vm kernel: [    1.362637] ata1.00: configured for UDMA/133
Sep  5 16:08:06 cu-cs-vm kernel: [    1.375314] scsi 0:0:0:0: Direct-Access     ATA      VBOX HARDDISK    1.0  PQ: 0 ANSI: 5
Sep  5 16:08:06 cu-cs-vm kernel: [    1.376606] sd 0:0:0:0: Attached scsi generic sg0 type 0
Sep  5 16:08:06 cu-cs-vm kernel: [    1.377295] sd 0:0:0:0: [sda] 134217728 512-byte logical blocks: (68.7 GB/64.0 GiB)
Sep  5 16:08:06 cu-cs-vm kernel: [    1.377964] sd 0:0:0:0: [sda] Write Protect is off
Sep  5 16:08:06 cu-cs-vm kernel: [    1.378349] sd 0:0:0:0: [sda] Mode Sense: 00 3a 00 00
Sep  5 16:08:06 cu-cs-vm kernel: [    1.378364] sd 0:0:0:0: [sda] Write cache: enabled, read cache: enabled, doesn't support DPO or FUA
Sep  5 16:08:06 cu-cs-vm kernel: [    1.380420]  sda: sda1
Sep  5 16:08:06 cu-cs-vm kernel: [    1.381106] sd 0:0:0:0: [sda] Attached SCSI disk
Sep  5 16:08:06 cu-cs-vm kernel: [    1.471650] e1000 0000:00:03.0 eth0: (PCI:33MHz:32-bit) 08:00:27:1a:f0:ed
Sep  5 16:08:06 cu-cs-vm kernel: [    1.472057] e1000 0000:00:03.0 eth0: Intel(R) PRO/1000 Network Connection
Sep  5 16:08:06 cu-cs-vm kernel: [    1.474414] vgdrvHeartbeatInit: Setting up heartbeat to trigger every 2000 milliseconds
Sep  5 16:08:06 cu-cs-vm kernel: [    1.474639] e1000 0000:00:03.0 enp0s3: renamed from eth0
Sep  5 16:08:06 cu-cs-vm kernel: [    1.475594] input: Unspecified device as /devices/pci0000:00/0000:00:04.0/input/input6
Sep  5 16:08:06 cu-cs-vm kernel: [    1.476392] vboxguest: misc device minor 55, IRQ 20, I/O port d020, MMIO at 00000000f0400000 (size 0x400000)
Sep  5 16:08:06 cu-cs-vm kernel: [    1.477042] vboxguest: Successfully loaded version 5.0.18_Ubuntu (interface 0x00010004)
Sep  5 16:08:06 cu-cs-vm kernel: [    1.480093] [drm] VRAM 04000000
Sep  5 16:08:06 cu-cs-vm kernel: [    1.481234] [TTM] Zone  kernel: Available graphics memory: 958626 kiB
Sep  5 16:08:06 cu-cs-vm kernel: [    1.481646] [TTM] Initializing pool allocator
Sep  5 16:08:06 cu-cs-vm kernel: [    1.481959] [TTM] Initializing DMA pool allocator
Sep  5 16:08:06 cu-cs-vm kernel: [    1.482671] fbcon: vboxdrmfb (fb0) is primary device
Sep  5 16:08:06 cu-cs-vm kernel: [    1.494999] Console: switching to colour frame buffer device 100x37
Sep  5 16:08:06 cu-cs-vm kernel: [    1.496552] vboxvideo 0000:00:02.0: fb0: vboxdrmfb frame buffer device
Sep  5 16:08:06 cu-cs-vm kernel: [    1.508449] [drm] Initialized vboxvideo 1.0.0 20130823 for 0000:00:02.0 on minor 0
Sep  5 16:08:06 cu-cs-vm kernel: [    1.631136] usb 1-1: New USB device found, idVendor=80ee, idProduct=0021
Sep  5 16:08:06 cu-cs-vm kernel: [    1.631208] usb 1-1: New USB device strings: Mfr=1, Product=3, SerialNumber=0
Sep  5 16:08:06 cu-cs-vm kernel: [    1.631265] usb 1-1: Product: USB Tablet
Sep  5 16:08:06 cu-cs-vm kernel: [    1.631399] usb 1-1: Manufacturer: VirtualBox
Sep  5 16:08:06 cu-cs-vm kernel: [    1.647123] hidraw: raw HID events driver (C) Jiri Kosina
Sep  5 16:08:06 cu-cs-vm kernel: [    1.668779] usbcore: registered new interface driver usbhid
Sep  5 16:08:06 cu-cs-vm kernel: [    1.668832] usbhid: USB HID core driver
Sep  5 16:08:06 cu-cs-vm kernel: [    1.680637] input: VirtualBox USB Tablet as /devices/pci0000:00/0000:00:06.0/usb1/1-1/1-1:1.0/0003:80EE:0021.0001/input/input7
Sep  5 16:08:06 cu-cs-vm kernel: [    1.684169] hid-generic 0003:80EE:0021.0001: input,hidraw0: USB HID v1.10 Mouse [VirtualBox USB Tablet] on usb-0000:00:06.0-1/input0
Sep  5 16:08:06 cu-cs-vm kernel: [    1.696908] ata2: SATA link up 3.0 Gbps (SStatus 123 SControl 300)
Sep  5 16:08:06 cu-cs-vm kernel: [    1.698006] ata2.00: ATAPI: VBOX CD-ROM, 1.0, max UDMA/133
Sep  5 16:08:06 cu-cs-vm kernel: [    1.698795] ata2.00: applying bridge limits
Sep  5 16:08:06 cu-cs-vm kernel: [    1.699969] ata2.00: configured for UDMA/100
Sep  5 16:08:06 cu-cs-vm kernel: [    1.702186] scsi 1:0:0:0: CD-ROM            VBOX     CD-ROM           1.0  PQ: 0 ANSI: 5
Sep  5 16:08:06 cu-cs-vm kernel: [    1.713009] sr 1:0:0:0: [sr0] scsi3-mmc drive: 32x/32x xa/form2 tray
Sep  5 16:08:06 cu-cs-vm kernel: [    1.713798] cdrom: Uniform CD-ROM driver Revision: 3.20
Sep  5 16:08:06 cu-cs-vm kernel: [    1.714961] sr 1:0:0:0: Attached scsi CD-ROM sr0
Sep  5 16:08:06 cu-cs-vm kernel: [    1.715259] sr 1:0:0:0: Attached scsi generic sg1 type 5
Sep  5 16:08:06 cu-cs-vm kernel: [    1.824386] tsc: Refined TSC clocksource calibration: 2888.730 MHz
Sep  5 16:08:06 cu-cs-vm kernel: [    1.825864] clocksource: tsc: mask: 0xffffffffffffffff max_cycles: 0x29a3ad0735c, max_idle_ns: 440795335804 ns
Sep  5 16:08:06 cu-cs-vm kernel: [    4.140847] floppy0: no floppy controllers found
Sep  5 16:08:06 cu-cs-vm kernel: [    4.256370] raid6: sse2x1   gen()  8015 MB/s
Sep  5 16:08:06 cu-cs-vm kernel: [    4.324753] raid6: sse2x1   xor()  7432 MB/s
Sep  5 16:08:06 cu-cs-vm kernel: [    4.392613] raid6: sse2x2   gen() 11541 MB/s
Sep  5 16:08:06 cu-cs-vm kernel: [    4.460424] raid6: sse2x2   xor()  8175 MB/s
Sep  5 16:08:06 cu-cs-vm kernel: [    4.528814] raid6: sse2x4   gen() 13750 MB/s
Sep  5 16:08:06 cu-cs-vm kernel: [    4.596634] raid6: sse2x4   xor()  9979 MB/s
Sep  5 16:08:06 cu-cs-vm kernel: [    4.597050] raid6: using algorithm sse2x4 gen() 13750 MB/s
Sep  5 16:08:06 cu-cs-vm kernel: [    4.597456] raid6: .... xor() 9979 MB/s, rmw enabled
Sep  5 16:08:06 cu-cs-vm kernel: [    4.597879] raid6: using ssse3x2 recovery algorithm
Sep  5 16:08:06 cu-cs-vm kernel: [    4.599632] xor: automatically using best checksumming function:
Sep  5 16:08:06 cu-cs-vm kernel: [    4.636706]    avx       : 26102.000 MB/sec
Sep  5 16:08:06 cu-cs-vm kernel: [    4.653176] Btrfs loaded
Sep  5 16:08:06 cu-cs-vm kernel: [    4.702028] BTRFS: device fsid 7edb9fb6-5937-400b-b2d4-95dbf988ef57 devid 1 transid 8473 /dev/sda1
Sep  5 16:08:06 cu-cs-vm kernel: [    4.728907] BTRFS info (device sda1): disk space caching is enabled
Sep  5 16:08:06 cu-cs-vm kernel: [    4.729332] BTRFS: has skinny extents
Sep  5 16:08:06 cu-cs-vm kernel: [    4.802172] BTRFS: detected SSD devices, enabling SSD mode
Sep  5 16:08:06 cu-cs-vm kernel: [    6.391848] lp: driver loaded but no devices found
Sep  5 16:08:06 cu-cs-vm kernel: [    6.435784] ppdev: user-space parallel port driver
Sep  5 16:08:06 cu-cs-vm kernel: [    7.215945] BTRFS info (device sda1): enabling auto defrag
Sep  5 16:08:06 cu-cs-vm kernel: [    7.215948] BTRFS info (device sda1): disk space caching is enabled
Sep  5 16:08:06 cu-cs-vm kernel: [    7.636335] piix4_smbus 0000:00:07.0: SMBus Host Controller at 0x4100, revision 0
Sep  5 16:08:06 cu-cs-vm kernel: [    8.245008] AVX version of gcm_enc/dec engaged.
Sep  5 16:08:06 cu-cs-vm kernel: [    8.245013] AES CTR mode by8 optimization enabled
Sep  5 16:08:06 cu-cs-vm kernel: [    8.362632] snd_intel8x0 0000:00:05.0: disable (unknown or VT-d) VM optimization
Sep  5 16:08:06 cu-cs-vm kernel: [    8.487293] intel_rapl: no valid rapl domains found in package 0
Sep  5 16:08:06 cu-cs-vm kernel: [    8.518349] intel_rapl: no valid rapl domains found in package 0
Sep  5 16:08:06 cu-cs-vm kernel: [    8.604916] BTRFS error (device sda1): could not find root 8
Sep  5 16:08:06 cu-cs-vm kernel: [    8.606088] BTRFS error (device sda1): could not find root 8
Sep  5 16:08:06 cu-cs-vm kernel: [    9.086178] snd_intel8x0 0000:00:05.0: white list rate for 1028:0177 is 48000
Sep  5 16:08:06 cu-cs-vm kernel: [    9.769052] audit: type=1400 audit(1473113286.308:2): apparmor="STATUS" operation="profile_load" profile="unconfined" name="/sbin/dhclient" pid=1710 comm="apparmor_parser"
Sep  5 16:08:06 cu-cs-vm kernel: [    9.769069] audit: type=1400 audit(1473113286.308:3): apparmor="STATUS" operation="profile_load" profile="unconfined" name="/usr/lib/NetworkManager/nm-dhcp-client.action" pid=1710 comm="apparmor_parser"
Sep  5 16:08:06 cu-cs-vm kernel: [    9.769080] audit: type=1400 audit(1473113286.308:4): apparmor="STATUS" operation="profile_load" profile="unconfined" name="/usr/lib/NetworkManager/nm-dhcp-helper" pid=1710 comm="apparmor_parser"
Sep  5 16:08:06 cu-cs-vm kernel: [    9.769090] audit: type=1400 audit(1473113286.308:5): apparmor="STATUS" operation="profile_load" profile="unconfined" name="/usr/lib/connman/scripts/dhclient-script" pid=1710 comm="apparmor_parser"
Sep  5 16:08:06 cu-cs-vm kernel: [    9.771532] audit: type=1400 audit(1473113286.308:6): apparmor="STATUS" operation="profile_load" profile="unconfined" name="/usr/lib/lightdm/lightdm-guest-session" pid=1709 comm="apparmor_parser"
Sep  5 16:08:06 cu-cs-vm kernel: [    9.771546] audit: type=1400 audit(1473113286.308:7): apparmor="STATUS" operation="profile_load" profile="unconfined" name="/usr/lib/lightdm/lightdm-guest-session//chromium" pid=1709 comm="apparmor_parser"
Sep  5 16:08:06 cu-cs-vm kernel: [    9.808911] audit: type=1400 audit(1473113286.348:8): apparmor="STATUS" operation="profile_load" profile="unconfined" name="/usr/bin/ubuntu-core-launcher" pid=1714 comm="apparmor_parser"
Sep  5 16:08:06 cu-cs-vm kernel: [    9.814201] audit: type=1400 audit(1473113286.356:9): apparmor="STATUS" operation="profile_load" profile="unconfined" name="/usr/sbin/cups-browsed" pid=1715 comm="apparmor_parser"
Sep  5 16:08:06 cu-cs-vm kernel: [    9.840767] audit: type=1400 audit(1473113286.384:10): apparmor="STATUS" operation="profile_load" profile="unconfined" name="/usr/bin/evince" pid=1712 comm="apparmor_parser"
Sep  5 16:08:06 cu-cs-vm kernel: [    9.840779] audit: type=1400 audit(1473113286.384:11): apparmor="STATUS" operation="profile_load" profile="unconfined" name="/usr/bin/evince//sanitized_helper" pid=1712 comm="apparmor_parser"
Sep  5 16:08:06 cu-cs-vm kernel: [   10.377067] vboxsf: Successfully loaded version 5.0.18_Ubuntu (interface 0x00010004)
Sep  5 16:08:06 cu-cs-vm systemd-modules-load[660]: Inserted module 'lp'
Sep  5 16:08:06 cu-cs-vm systemd-modules-load[660]: Inserted module 'ppdev'
Sep  5 16:08:06 cu-cs-vm systemd-modules-load[660]: Inserted module 'parport_pc'
Sep  5 16:08:06 cu-cs-vm systemd[1]: Started Apply Kernel Variables.
Sep  5 16:08:06 cu-cs-vm systemd[1]: Started Create Static Device Nodes in /dev.
Sep  5 16:08:06 cu-cs-vm systemd[1]: Starting udev Kernel Device Manager...
Sep  5 16:08:06 cu-cs-vm loadkeys[645]: Loading /etc/console-setup/cached.kmap.gz
Sep  5 16:08:06 cu-cs-vm systemd[1]: Started Set console keymap.
Sep  5 16:08:06 cu-cs-vm systemd[1]: Started udev Kernel Device Manager.
Sep  5 16:08:06 cu-cs-vm systemd[1]: Starting Remount Root and Kernel File Systems...
Sep  5 16:08:06 cu-cs-vm systemd[1]: Started Remount Root and Kernel File Systems.
Sep  5 16:08:06 cu-cs-vm systemd[1]: Reached target Local File Systems (Pre).
Sep  5 16:08:06 cu-cs-vm systemd[1]: Starting Load/Save Random Seed...
Sep  5 16:08:06 cu-cs-vm systemd[1]: Starting udev Coldplug all Devices...
Sep  5 16:08:06 cu-cs-vm systemd[1]: Starting Flush Journal to Persistent Storage...
Sep  5 16:08:06 cu-cs-vm systemd[1]: Started Load/Save Random Seed.
Sep  5 16:08:06 cu-cs-vm systemd[1]: Started Flush Journal to Persistent Storage.
Sep  5 16:08:06 cu-cs-vm systemd[1]: Started udev Coldplug all Devices.
Sep  5 16:08:06 cu-cs-vm systemd[1]: Started Dispatch Password Requests to Console Directory Watch.
Sep  5 16:08:06 cu-cs-vm systemd[1]: Listening on Load/Save RF Kill Switch Status /dev/rfkill Watch.
Sep  5 16:08:06 cu-cs-vm mtp-probe: checking bus 1, device 2: "/sys/devices/pci0000:00/0000:00:06.0/usb1/1-1"
Sep  5 16:08:06 cu-cs-vm mtp-probe: bus: 1, device: 2 was not an MTP device
Sep  5 16:08:06 cu-cs-vm systemd-udevd[767]: Process '/lib/udev/hdparm' failed with exit code 5.
Sep  5 16:08:06 cu-cs-vm systemd[1]: Found device VBOX_HARDDISK 1.
Sep  5 16:08:06 cu-cs-vm systemd[1]: Starting File System Check on /dev/disk/by-uuid/7edb9fb6-5937-400b-b2d4-95dbf988ef57...
Sep  5 16:08:06 cu-cs-vm systemd[1]: Started File System Check Daemon to report status.
Sep  5 16:08:06 cu-cs-vm systemd[1]: Started File System Check on /dev/disk/by-uuid/7edb9fb6-5937-400b-b2d4-95dbf988ef57.
Sep  5 16:08:06 cu-cs-vm systemd[1]: Mounting /home...
Sep  5 16:08:06 cu-cs-vm systemd[1]: Mounted /home.
Sep  5 16:08:06 cu-cs-vm systemd[1]: Reached target Local File Systems.
Sep  5 16:08:06 cu-cs-vm systemd[1]: Starting Tell Plymouth To Write Out Runtime Data...
Sep  5 16:08:06 cu-cs-vm systemd[1]: Starting LSB: AppArmor initialization...
Sep  5 16:08:06 cu-cs-vm systemd[1]: Starting Create Volatile Files and Directories...
Sep  5 16:08:06 cu-cs-vm systemd[1]: Starting Set console font and keymap...
Sep  5 16:08:06 cu-cs-vm systemd[1]: Starting Enable support for additional executable binary formats...
Sep  5 16:08:06 cu-cs-vm systemd[1]: Started Tell Plymouth To Write Out Runtime Data.
Sep  5 16:08:06 cu-cs-vm systemd-tmpfiles[1591]: [/usr/lib/tmpfiles.d/var.conf:14] Duplicate line for path "/var/log", ignoring.
Sep  5 16:08:06 cu-cs-vm systemd[1]: proc-sys-fs-binfmt_misc.automount: Got automount request for /proc/sys/fs/binfmt_misc, triggered by 1597 (update-binfmts)
Sep  5 16:08:06 cu-cs-vm systemd[1]: Mounting Arbitrary Executable File Formats File System...
Sep  5 16:08:06 cu-cs-vm systemd[1]: Started Create Volatile Files and Directories.
Sep  5 16:08:06 cu-cs-vm systemd[1]: Starting Update UTMP about System Boot/Shutdown...
Sep  5 16:08:06 cu-cs-vm systemd[1]: Reached target System Time Synchronized.
Sep  5 16:08:06 cu-cs-vm systemd[1]: Mounted Arbitrary Executable File Formats File System.
Sep  5 16:08:06 cu-cs-vm systemd[1]: Started Update UTMP about System Boot/Shutdown.
Sep  5 16:08:06 cu-cs-vm systemd[1]: Reached target Sound Card.
Sep  5 16:08:06 cu-cs-vm systemd[1]: Started Enable support for additional executable binary formats.
Sep  5 16:08:06 cu-cs-vm systemd[1]: Started Set console font and keymap.
Sep  5 16:08:06 cu-cs-vm systemd[1]: Created slice system-getty.slice.
Sep  5 16:08:06 cu-cs-vm apparmor[1589]:  * Starting AppArmor profiles
Sep  5 16:08:06 cu-cs-vm apparmor[1589]: Skipping profile in /etc/apparmor.d/disable: usr.bin.firefox
Sep  5 16:08:06 cu-cs-vm apparmor[1589]: Skipping profile in /etc/apparmor.d/disable: usr.sbin.rsyslogd
Sep  5 16:08:06 cu-cs-vm apparmor[1589]:    ...done.
Sep  5 16:08:06 cu-cs-vm systemd[1]: Started LSB: AppArmor initialization.
Sep  5 16:08:06 cu-cs-vm systemd[1]: Reached target System Initialization.
Sep  5 16:08:06 cu-cs-vm systemd[1]: Started CUPS Scheduler.
Sep  5 16:08:06 cu-cs-vm systemd[1]: Listening on CUPS Scheduler.
Sep  5 16:08:06 cu-cs-vm systemd[1]: Listening on Avahi mDNS/DNS-SD Stack Activation Socket.
Sep  5 16:08:06 cu-cs-vm systemd[1]: apt-daily.timer: Adding 10h 25min 42.224642s random time.
Sep  5 16:08:06 cu-cs-vm systemd[1]: Started Daily apt activities.
Sep  5 16:08:06 cu-cs-vm systemd[1]: Listening on ACPID Listen Socket.
Sep  5 16:08:06 cu-cs-vm systemd[1]: Listening on UUID daemon activation socket.
Sep  5 16:08:06 cu-cs-vm systemd[1]: Starting Socket activation for snappy daemon.
Sep  5 16:08:06 cu-cs-vm systemd[1]: Started Trigger resolvconf update for networkd DNS.
Sep  5 16:08:06 cu-cs-vm systemd[1]: snapd.refresh.timer: Adding 32min 54.496581s random time.
Sep  5 16:08:06 cu-cs-vm systemd[1]: snapd.refresh.timer: Adding 4h 59min 12.473740s random time.
Sep  5 16:08:06 cu-cs-vm systemd[1]: Started Timer to automatically refresh installed snaps.
Sep  5 16:08:06 cu-cs-vm systemd[1]: Started ACPI Events Check.
Sep  5 16:08:06 cu-cs-vm systemd[1]: Reached target Paths.
Sep  5 16:08:06 cu-cs-vm systemd[1]: Started Daily Cleanup of Temporary Directories.
Sep  5 16:08:06 cu-cs-vm systemd[1]: Reached target Timers.
Sep  5 16:08:06 cu-cs-vm systemd[1]: Listening on D-Bus System Message Bus Socket.
Sep  5 16:08:06 cu-cs-vm systemd[1]: Starting Raise network interfaces...
Sep  5 16:08:06 cu-cs-vm systemd[1]: Listening on Socket activation for snappy daemon.
Sep  5 16:08:06 cu-cs-vm systemd[1]: Reached target Sockets.
Sep  5 16:08:06 cu-cs-vm systemd[1]: Reached target Basic System.
Sep  5 16:08:06 cu-cs-vm systemd[1]: Starting Thermal Daemon Service...
Sep  5 16:08:06 cu-cs-vm systemd[1]: Starting Permit User Sessions...
Sep  5 16:08:06 cu-cs-vm systemd[1]: Starting Save/Restore Sound Card State...
Sep  5 16:08:06 cu-cs-vm systemd[1]: Starting Restore /etc/resolv.conf if the system crashed before the ppp link was shut down...
Sep  5 16:08:06 cu-cs-vm systemd[1]: Starting LSB: Execute the kexec -e command to reboot system...
Sep  5 16:08:06 cu-cs-vm systemd[1]: Starting Modem Manager...
Sep  5 16:08:06 cu-cs-vm systemd[1]: Starting Avahi mDNS/DNS-SD Stack...
Sep  5 16:08:06 cu-cs-vm systemd[1]: Starting System Logging Service...
Sep  5 16:08:06 cu-cs-vm systemd[1]: Starting LSB: daemon to balance interrupts for SMP systems...
Sep  5 16:08:06 cu-cs-vm systemd[1]: Started Run anacron jobs.
Sep  5 16:08:06 cu-cs-vm systemd[1]: Starting vboxadd.service...
Sep  5 16:08:06 cu-cs-vm systemd[1]: Starting LSB: Set the CPU Frequency Scaling governor to "ondemand"...
Sep  5 16:08:06 cu-cs-vm systemd[1]: Started D-Bus System Message Bus.
Sep  5 16:08:06 cu-cs-vm vboxadd[1769]: vboxadd.sh: Starting the VirtualBox Guest Additions.
Sep  5 16:08:06 cu-cs-vm anacron[1767]: Anacron 2.3 started on 2016-09-05
Sep  5 16:08:06 cu-cs-vm anacron[1767]: Normal exit (0 jobs run)
Sep  5 16:08:06 cu-cs-vm vboxadd.sh: Starting the VirtualBox Guest Additions.
Sep  5 16:08:06 cu-cs-vm avahi-daemon[1761]: Found user 'avahi' (UID 111) and group 'avahi' (GID 120).
Sep  5 16:08:06 cu-cs-vm avahi-daemon[1761]: Successfully dropped root privileges.
Sep  5 16:08:06 cu-cs-vm avahi-daemon[1761]: avahi-daemon 0.6.32-rc starting up.
Sep  5 16:08:07 cu-cs-vm kernel: [   10.772549] floppy0: no floppy controllers found
Sep  5 16:08:07 cu-cs-vm kernel: [   10.772647] work still pending
Sep  5 16:08:07 cu-cs-vm ModemManager[1758]: <info>  ModemManager (version 1.4.12) starting in system bus...
Sep  5 16:08:07 cu-cs-vm dbus[1772]: [system] AppArmor D-Bus mediation is enabled
Sep  5 16:08:07 cu-cs-vm avahi-daemon[1761]: Successfully called chroot().
Sep  5 16:08:07 cu-cs-vm avahi-daemon[1761]: Successfully dropped remaining capabilities.
Sep  5 16:08:07 cu-cs-vm avahi-daemon[1761]: No service file found in /etc/avahi/services.
Sep  5 16:08:07 cu-cs-vm avahi-daemon[1761]: Network interface enumeration completed.
Sep  5 16:08:07 cu-cs-vm avahi-daemon[1761]: Server startup complete. Host name is cu-cs-vm.local. Local service cookie is 2372448912.
Sep  5 16:08:07 cu-cs-vm thermald[1737]: NO RAPL sysfs present
Sep  5 16:08:07 cu-cs-vm thermald[1737]: 13 CPUID levels; family:model:stepping 0x6:3a:9 (6:58:9)
Sep  5 16:08:07 cu-cs-vm thermald[1737]: Polling mode is enabled: 4
Sep  5 16:08:07 cu-cs-vm thermald[1737]: Thermal DTS: No coretemp sysfs found
Sep  5 16:08:07 cu-cs-vm systemd[1]: Started Thermal Daemon Service.
Sep  5 16:08:07 cu-cs-vm systemd[1]: Started Avahi mDNS/DNS-SD Stack.
Sep  5 16:08:07 cu-cs-vm dbus[1772]: [system] Activating via systemd: service name='org.freedesktop.PolicyKit1' unit='polkitd.service'
Sep  5 16:08:07 cu-cs-vm thermald[1737]: Thermal DTS or hwmon: No Zones present Need to configure manually
Sep  5 16:08:07 cu-cs-vm thermald[1737]: No thermal sensors found
Sep  5 16:08:07 cu-cs-vm thermald[1737]: THD engine start failed
Sep  5 16:08:07 cu-cs-vm systemd[1]: Starting Network Manager...
Sep  5 16:08:07 cu-cs-vm vboxadd-x11.sh: Installing the Window System drivers.
Sep  5 16:08:07 cu-cs-vm systemd[1]: Starting Detect the available GPUs and deal with any system changes...
Sep  5 16:08:07 cu-cs-vm systemd[1]: Started Regular background program processing daemon.
Sep  5 16:08:07 cu-cs-vm systemd[1]: Started CUPS Scheduler.
Sep  5 16:08:07 cu-cs-vm vboxadd-x11.sh: Installing X.Org Server 1.18 modules.
Sep  5 16:08:07 cu-cs-vm systemd[1]: Starting Initialize hardware monitoring sensors...
Sep  5 16:08:07 cu-cs-vm systemd[1]: Starting LSB: Record successful boot for GRUB...
Sep  5 16:08:07 cu-cs-vm systemd[1]: Started ACPI event daemon.
Sep  5 16:08:07 cu-cs-vm systemd[1]: Starting Accounts Service...
Sep  5 16:08:07 cu-cs-vm systemd[1]: Starting LSB: automatic crash report generation...
Sep  5 16:08:07 cu-cs-vm systemd[1]: Starting vboxadd-x11.service...
Sep  5 16:08:07 cu-cs-vm systemd[1]: Starting Login Service...
Sep  5 16:08:07 cu-cs-vm systemd[1]: Started crash report submission daemon.
Sep  5 16:08:07 cu-cs-vm systemd[1]: Starting LSB: Speech Dispatcher...
Sep  5 16:08:07 cu-cs-vm systemd[1]: Started Make remote CUPS printers available locally.
Sep  5 16:08:07 cu-cs-vm systemd[1]: Started uptime record daemon.
Sep  5 16:08:07 cu-cs-vm systemd[1]: Started Snappy daemon.
Sep  5 16:08:07 cu-cs-vm systemd[1]: Started System Logging Service.
Sep  5 16:08:07 cu-cs-vm systemd[1]: Started Permit User Sessions.
Sep  5 16:08:07 cu-cs-vm systemd[1]: Started Restore /etc/resolv.conf if the system crashed before the ppp link was shut down.
Sep  5 16:08:07 cu-cs-vm systemd[1]: Started Save/Restore Sound Card State.
Sep  5 16:08:07 cu-cs-vm cron[1864]: (CRON) INFO (pidfile fd = 3)
Sep  5 16:08:07 cu-cs-vm irqbalance[1764]:  * Starting SMP IRQ Balancer: irqbalance
Sep  5 16:08:07 cu-cs-vm systemd[1]: Started LSB: Execute the kexec -e command to reboot system.
Sep  5 16:08:07 cu-cs-vm cron[1864]: (CRON) INFO (Running @reboot jobs)
Sep  5 16:08:07 cu-cs-vm systemd[1]: Starting LSB: Load kernel image with kexec...
Sep  5 16:08:07 cu-cs-vm systemd[1]: Starting Authenticate and Authorize Users to Run Privileged Tasks...
Sep  5 16:08:07 cu-cs-vm systemd[1]: Started Raise network interfaces.
Sep  5 16:08:07 cu-cs-vm systemd[1]: Started LSB: Set the CPU Frequency Scaling governor to "ondemand".
Sep  5 16:08:07 cu-cs-vm systemd[1]: Started LSB: Load kernel image with kexec.
Sep  5 16:08:07 cu-cs-vm apport[1879]:  * Starting automatic crash report generation: apport
Sep  5 16:08:07 cu-cs-vm systemd[1]: Started Login Service.
Sep  5 16:08:07 cu-cs-vm gpu-manager[1858]: /etc/modprobe.d is not a file
Sep  5 16:08:07 cu-cs-vm gpu-manager[1858]: message repeated 4 times: [ /etc/modprobe.d is not a file]
Sep  5 16:08:07 cu-cs-vm gpu-manager[1858]: Error: can't open /lib/modules/4.4.0-34-generic/updates/dkms
Sep  5 16:08:07 cu-cs-vm gpu-manager[1858]: Error: can't open /lib/modules/4.4.0-34-generic/updates/dkms
Sep  5 16:08:07 cu-cs-vm acpid: starting up with netlink and the input layer
Sep  5 16:08:07 cu-cs-vm acpid: 9 rules loaded
Sep  5 16:08:07 cu-cs-vm acpid: waiting for events: event logging is off
Sep  5 16:08:07 cu-cs-vm systemd[1]: Started vboxadd-x11.service.
Sep  5 16:08:08 cu-cs-vm vboxadd-x11.sh: X.Org Server 1.18 modules installed.
Sep  5 16:08:08 cu-cs-vm irqbalance[1764]:    ...done.
Sep  5 16:08:08 cu-cs-vm systemd[1]: Started LSB: daemon to balance interrupts for SMP systems.
Sep  5 16:08:08 cu-cs-vm speech-dispatcher[1889]:  * speech-dispatcher disabled; edit /etc/default/speech-dispatcher
Sep  5 16:08:08 cu-cs-vm systemd[1]: Started LSB: Speech Dispatcher.
Sep  5 16:08:08 cu-cs-vm vboxadd-x11.sh: Setting up the Window System to use the Guest Additions.
Sep  5 16:08:08 cu-cs-vm apport[1879]:    ...done.
Sep  5 16:08:08 cu-cs-vm systemd[1]: Started LSB: automatic crash report generation.
Sep  5 16:08:08 cu-cs-vm vboxadd-x11.sh: Window System set up to use the Guest Additions.
Sep  5 16:08:08 cu-cs-vm vboxadd[1769]: You may need to restart the the Window System (or just restart the guest system)
Sep  5 16:08:08 cu-cs-vm vboxadd[1769]: to enable the Guest Additions.
Sep  5 16:08:08 cu-cs-vm vboxadd-x11.sh: Installing graphics libraries and desktop services components.
Sep  5 16:08:08 cu-cs-vm /usr/lib/snapd/snapd[1894]: daemon.go:212: DEBUG: adding /
Sep  5 16:08:08 cu-cs-vm /usr/lib/snapd/snapd[1894]: daemon.go:212: DEBUG: adding /v2/system-info
Sep  5 16:08:08 cu-cs-vm /usr/lib/snapd/snapd[1894]: daemon.go:212: DEBUG: adding /v2/login
Sep  5 16:08:08 cu-cs-vm /usr/lib/snapd/snapd[1894]: daemon.go:212: DEBUG: adding /v2/logout
Sep  5 16:08:08 cu-cs-vm /usr/lib/snapd/snapd[1894]: daemon.go:212: DEBUG: adding /v2/icons/{name}/icon
Sep  5 16:08:08 cu-cs-vm /usr/lib/snapd/snapd[1894]: daemon.go:212: DEBUG: adding /v2/find
Sep  5 16:08:08 cu-cs-vm /usr/lib/snapd/snapd[1894]: daemon.go:212: DEBUG: adding /v2/snaps
Sep  5 16:08:08 cu-cs-vm /usr/lib/snapd/snapd[1894]: daemon.go:212: DEBUG: adding /v2/snaps/{name}
Sep  5 16:08:08 cu-cs-vm /usr/lib/snapd/snapd[1894]: daemon.go:212: DEBUG: adding /v2/interfaces
Sep  5 16:08:08 cu-cs-vm /usr/lib/snapd/snapd[1894]: daemon.go:212: DEBUG: adding /v2/assertions
Sep  5 16:08:08 cu-cs-vm /usr/lib/snapd/snapd[1894]: daemon.go:212: DEBUG: adding /v2/assertions/{assertType}
Sep  5 16:08:08 cu-cs-vm /usr/lib/snapd/snapd[1894]: daemon.go:212: DEBUG: adding /v2/events
Sep  5 16:08:08 cu-cs-vm /usr/lib/snapd/snapd[1894]: daemon.go:212: DEBUG: adding /v2/changes/{id}
Sep  5 16:08:08 cu-cs-vm /usr/lib/snapd/snapd[1894]: daemon.go:212: DEBUG: adding /v2/changes
Sep  5 16:08:08 cu-cs-vm /usr/lib/snapd/snapd[1894]: daemon.go:212: DEBUG: adding /v2/create-user
Sep  5 16:08:08 cu-cs-vm /usr/lib/snapd/snapd[1894]: daemon.go:212: DEBUG: adding /v2/buy
Sep  5 16:08:08 cu-cs-vm /usr/lib/snapd/snapd[1894]: daemon.go:212: DEBUG: adding /v2/buy/methods
Sep  5 16:08:08 cu-cs-vm /usr/lib/snapd/snapd[1894]: daemon.go:202: DEBUG: init done in 6.157077ms
Sep  5 16:08:08 cu-cs-vm sensors[1869]: No sensors found!
Sep  5 16:08:08 cu-cs-vm sensors[1869]: Make sure you loaded all the kernel drivers you need.
Sep  5 16:08:08 cu-cs-vm sensors[1869]: Try sensors-detect to find out which these are.
Sep  5 16:08:08 cu-cs-vm sensors[2036]: No sensors found!
Sep  5 16:08:08 cu-cs-vm sensors[2036]: Make sure you loaded all the kernel drivers you need.
Sep  5 16:08:08 cu-cs-vm sensors[2036]: Try sensors-detect to find out which these are.
Sep  5 16:08:08 cu-cs-vm systemd[1]: Started Initialize hardware monitoring sensors.
Sep  5 16:08:08 cu-cs-vm systemd[1]: Started LSB: Record successful boot for GRUB.
Sep  5 16:08:08 cu-cs-vm vboxadd-x11.sh: Window system drivers installed.
Sep  5 16:08:08 cu-cs-vm gpu-manager[1858]: update-alternatives: error: no alternatives for x86_64-linux-gnu_gfxcore_conf
Sep  5 16:08:08 cu-cs-vm systemd[1]: Started Detect the available GPUs and deal with any system changes.
Sep  5 16:08:08 cu-cs-vm systemd[1]: Starting Light Display Manager...
Sep  5 16:08:08 cu-cs-vm dbus[1772]: [system] Activating via systemd: service name='org.freedesktop.Accounts' unit='accounts-daemon.service'
Sep  5 16:08:08 cu-cs-vm NetworkManager[1850]: <info>  [1473113288.9054] NetworkManager (version 1.2.0) is starting...
Sep  5 16:08:08 cu-cs-vm NetworkManager[1850]: <info>  [1473113288.9966] Read config: /etc/NetworkManager/NetworkManager.conf (etc: default-wifi-powersave-on.conf)
Sep  5 16:08:09 cu-cs-vm NetworkManager[1850]: <info>  [1473113289.0445] manager[0x1dba1a0]: monitoring kernel firmware directory '/lib/firmware'.
Sep  5 16:08:09 cu-cs-vm NetworkManager[1850]: <info>  [1473113289.0446] monitoring ifupdown state file '/run/network/ifstate'.
Sep  5 16:08:09 cu-cs-vm NetworkManager[1850]: <info>  [1473113289.0473] dns-mgr[0x1dd90a0]: set resolv-conf-mode: dnsmasq, plugin="dnsmasq"
Sep  5 16:08:09 cu-cs-vm NetworkManager[1850]: <info>  [1473113289.0473] dns-mgr[0x1dd90a0]: using resolv.conf manager 'resolvconf'
Sep  5 16:08:09 cu-cs-vm systemd[1]: Started Network Manager.
Sep  5 16:08:09 cu-cs-vm dbus[1772]: [system] Activating via systemd: service name='org.freedesktop.nm_dispatcher' unit='dbus-org.freedesktop.nm-dispatcher.service'
Sep  5 16:08:09 cu-cs-vm systemd[1]: Starting Network Manager Wait Online...
Sep  5 16:08:09 cu-cs-vm systemd[1]: Reached target Network.
Sep  5 16:08:09 cu-cs-vm whoopsie[1886]: [16:08:09] Using lock path: /var/lock/whoopsie/lock
Sep  5 16:08:09 cu-cs-vm polkitd[1953]: started daemon version 0.105 using authority implementation `local' version `0.105'
Sep  5 16:08:09 cu-cs-vm dbus[1772]: [system] Successfully activated service 'org.freedesktop.PolicyKit1'
Sep  5 16:08:09 cu-cs-vm accounts-daemon[1877]: started daemon version 0.6.40
Sep  5 16:08:09 cu-cs-vm dbus[1772]: [system] Successfully activated service 'org.freedesktop.Accounts'
Sep  5 16:08:09 cu-cs-vm systemd[1]: Starting OpenBSD Secure Shell server...
Sep  5 16:08:09 cu-cs-vm systemd[1]: Started Authenticate and Authorize Users to Run Privileged Tasks.
Sep  5 16:08:09 cu-cs-vm systemd[1]: Started Accounts Service.
Sep  5 16:08:09 cu-cs-vm systemd[1]: Starting Network Manager Script Dispatcher Service...
Sep  5 16:08:09 cu-cs-vm dbus[1772]: [system] Successfully activated service 'org.freedesktop.nm_dispatcher'
Sep  5 16:08:09 cu-cs-vm systemd[1]: Started Network Manager Script Dispatcher Service.
Sep  5 16:08:09 cu-cs-vm NetworkManager[1850]: <info>  [1473113289.3205] init!
Sep  5 16:08:09 cu-cs-vm NetworkManager[1850]: <info>  [1473113289.3211] management mode: unmanaged
Sep  5 16:08:09 cu-cs-vm NetworkManager[1850]: <info>  [1473113289.3218] devices added (path: /sys/devices/pci0000:00/0000:00:03.0/net/enp0s3, iface: enp0s3)
Sep  5 16:08:09 cu-cs-vm NetworkManager[1850]: <info>  [1473113289.3218] device added (path: /sys/devices/pci0000:00/0000:00:03.0/net/enp0s3, iface: enp0s3): no ifupdown configuration found.
Sep  5 16:08:09 cu-cs-vm NetworkManager[1850]: <info>  [1473113289.3219] devices added (path: /sys/devices/virtual/net/lo, iface: lo)
Sep  5 16:08:09 cu-cs-vm NetworkManager[1850]: <info>  [1473113289.3219] device added (path: /sys/devices/virtual/net/lo, iface: lo): no ifupdown configuration found.
Sep  5 16:08:09 cu-cs-vm NetworkManager[1850]: <info>  [1473113289.3219] end _init.
Sep  5 16:08:09 cu-cs-vm NetworkManager[1850]: <info>  [1473113289.3220] settings: loaded plugin ifupdown: (C) 2008 Canonical Ltd.  To report bugs please use the NetworkManager mailing list. (/usr/lib/x86_64-linux-gnu/NetworkManager/libnm-settings-plugin-ifupdown.so)
Sep  5 16:08:09 cu-cs-vm NetworkManager[1850]: <info>  [1473113289.3221] settings: loaded plugin keyfile: (c) 2007 - 2015 Red Hat, Inc.  To report bugs please use the NetworkManager mailing list.
Sep  5 16:08:09 cu-cs-vm systemd[1]: Started OpenBSD Secure Shell server.
Sep  5 16:08:09 cu-cs-vm NetworkManager[1850]: <info>  [1473113289.3339] SettingsPlugin-Ofono: init!
Sep  5 16:08:09 cu-cs-vm NetworkManager[1850]: <warn>  [1473113289.3341] SettingsPlugin-Ofono: file doesn't exist: /var/lib/ofono
Sep  5 16:08:09 cu-cs-vm NetworkManager[1850]: <info>  [1473113289.3341] SettingsPlugin-Ofono: end _init.
Sep  5 16:08:09 cu-cs-vm dbus[1772]: [system] Activating via systemd: service name='org.freedesktop.hostname1' unit='dbus-org.freedesktop.hostname1.service'
Sep  5 16:08:09 cu-cs-vm NetworkManager[1850]: <info>  [1473113289.3341] settings: loaded plugin ofono: (C) 2013-2016 Canonical Ltd.  To report bugs please use the NetworkManager mailing list. (/usr/lib/x86_64-linux-gnu/NetworkManager/libnm-settings-plugin-ofono.so)
Sep  5 16:08:09 cu-cs-vm NetworkManager[1850]: <info>  [1473113289.3342] (31354064) ... get_connections.
Sep  5 16:08:09 cu-cs-vm NetworkManager[1850]: <info>  [1473113289.3342] (31354064) ... get_connections (managed=false): return empty list.
Sep  5 16:08:09 cu-cs-vm NetworkManager[1850]: <info>  [1473113289.3344] SettingsPlugin-Ofono: (31354224) ... get_connections.
Sep  5 16:08:09 cu-cs-vm NetworkManager[1850]: <info>  [1473113289.3344] SettingsPlugin-Ofono: (31354224) connections count: 0
Sep  5 16:08:09 cu-cs-vm NetworkManager[1850]: <info>  [1473113289.3344] get unmanaged devices count: 0
Sep  5 16:08:09 cu-cs-vm systemd[1]: Starting Hostname Service...
Sep  5 16:08:09 cu-cs-vm dbus[1772]: [system] Successfully activated service 'org.freedesktop.hostname1'
Sep  5 16:08:09 cu-cs-vm systemd[1]: Started Hostname Service.
Sep  5 16:08:09 cu-cs-vm NetworkManager[1850]: <info>  [1473113289.4633] settings: hostname: using hostnamed
Sep  5 16:08:09 cu-cs-vm NetworkManager[1850]: <info>  [1473113289.4634] settings: hostname changed from (none) to "cu-cs-vm"
Sep  5 16:08:09 cu-cs-vm NetworkManager[1850]: <info>  [1473113289.4640] Using DHCP client 'dhclient'
Sep  5 16:08:09 cu-cs-vm NetworkManager[1850]: <info>  [1473113289.4642] manager: WiFi enabled by radio killswitch; enabled by state file
Sep  5 16:08:09 cu-cs-vm NetworkManager[1850]: <info>  [1473113289.4642] manager: WWAN enabled by radio killswitch; enabled by state file
Sep  5 16:08:09 cu-cs-vm NetworkManager[1850]: <info>  [1473113289.4643] manager: Networking is enabled by state file
Sep  5 16:08:09 cu-cs-vm NetworkManager[1850]: <info>  [1473113289.4644] Loaded device plugin: NMVxlanFactory (internal)
Sep  5 16:08:09 cu-cs-vm NetworkManager[1850]: <info>  [1473113289.4646] Loaded device plugin: NMVlanFactory (internal)
Sep  5 16:08:09 cu-cs-vm nm-dispatcher: req:1 'hostname': new request (1 scripts)
Sep  5 16:08:09 cu-cs-vm NetworkManager[1850]: <info>  [1473113289.4647] Loaded device plugin: NMVethFactory (internal)
Sep  5 16:08:09 cu-cs-vm nm-dispatcher: req:1 'hostname': start running ordered scripts...
Sep  5 16:08:09 cu-cs-vm NetworkManager[1850]: <info>  [1473113289.4647] Loaded device plugin: NMTunFactory (internal)
Sep  5 16:08:09 cu-cs-vm NetworkManager[1850]: <info>  [1473113289.4648] Loaded device plugin: NMMacvlanFactory (internal)
Sep  5 16:08:09 cu-cs-vm NetworkManager[1850]: <info>  [1473113289.4648] Loaded device plugin: NMIPTunnelFactory (internal)
Sep  5 16:08:09 cu-cs-vm NetworkManager[1850]: <info>  [1473113289.4649] Loaded device plugin: NMInfinibandFactory (internal)
Sep  5 16:08:09 cu-cs-vm NetworkManager[1850]: <info>  [1473113289.4649] Loaded device plugin: NMEthernetFactory (internal)
Sep  5 16:08:09 cu-cs-vm NetworkManager[1850]: <info>  [1473113289.4650] Loaded device plugin: NMBridgeFactory (internal)
Sep  5 16:08:09 cu-cs-vm NetworkManager[1850]: <info>  [1473113289.4651] Loaded device plugin: NMBondFactory (internal)
Sep  5 16:08:09 cu-cs-vm NetworkManager[1850]: <info>  [1473113289.4774] Loaded device plugin: NMAtmManager (/usr/lib/x86_64-linux-gnu/NetworkManager/libnm-device-plugin-adsl.so)
Sep  5 16:08:09 cu-cs-vm NetworkManager[1850]: <info>  [1473113289.5828] Loaded device plugin: NMBluezManager (/usr/lib/x86_64-linux-gnu/NetworkManager/libnm-device-plugin-bluetooth.so)
Sep  5 16:08:09 cu-cs-vm NetworkManager[1850]: <info>  [1473113289.6410] Loaded device plugin: NMWifiFactory (/usr/lib/x86_64-linux-gnu/NetworkManager/libnm-device-plugin-wifi.so)
Sep  5 16:08:09 cu-cs-vm NetworkManager[1850]: <info>  [1473113289.6632] Loaded device plugin: NMWwanFactory (/usr/lib/x86_64-linux-gnu/NetworkManager/libnm-device-plugin-wwan.so)
Sep  5 16:08:09 cu-cs-vm NetworkManager[1850]: <info>  [1473113289.6705] manager: (enp0s3): new Ethernet device (/org/freedesktop/NetworkManager/Devices/0)
Sep  5 16:08:09 cu-cs-vm NetworkManager[1850]: <info>  [1473113289.6745] keyfile: add connection in-memory (6001be0c-53d0-4f81-b544-fe6faa3b177d,"Wired connection 1")
Sep  5 16:08:09 cu-cs-vm NetworkManager[1850]: <info>  [1473113289.6999] settings: (enp0s3): created default wired connection 'Wired connection 1'
Sep  5 16:08:09 cu-cs-vm NetworkManager[1850]: <info>  [1473113289.7026] device (enp0s3): state change: unmanaged -> unavailable (reason 'managed') [10 20 2]
Sep  5 16:08:09 cu-cs-vm kernel: [   13.159866] IPv6: ADDRCONF(NETDEV_UP): enp0s3: link is not ready
Sep  5 16:08:09 cu-cs-vm kernel: [   13.164926] IPv6: ADDRCONF(NETDEV_UP): enp0s3: link is not ready
Sep  5 16:08:09 cu-cs-vm kernel: [   13.165912] e1000: enp0s3 NIC Link is Up 1000 Mbps Full Duplex, Flow Control: RX
Sep  5 16:08:09 cu-cs-vm kernel: [   13.166513] IPv6: ADDRCONF(NETDEV_CHANGE): enp0s3: link becomes ready
Sep  5 16:08:09 cu-cs-vm NetworkManager[1850]: nm_device_get_device_type: assertion 'NM_IS_DEVICE (self)' failed
Sep  5 16:08:09 cu-cs-vm NetworkManager[1850]: <info>  [1473113289.7137] device (lo): link connected
Sep  5 16:08:09 cu-cs-vm NetworkManager[1850]: <info>  [1473113289.7159] manager: (lo): new Generic device (/org/freedesktop/NetworkManager/Devices/1)
Sep  5 16:08:09 cu-cs-vm NetworkManager[1850]: <info>  [1473113289.7256] urfkill disappeared from the bus
Sep  5 16:08:09 cu-cs-vm whoopsie[1886]: [16:08:09] Could not get the Network Manager state:
Sep  5 16:08:09 cu-cs-vm whoopsie[1886]: [16:08:09] GDBus.Error:org.freedesktop.DBus.Error.InvalidArgs: No such property 'state'
Sep  5 16:08:09 cu-cs-vm NetworkManager[1850]: <info>  [1473113289.7280] device (enp0s3): link connected
Sep  5 16:08:09 cu-cs-vm NetworkManager[1850]: <info>  [1473113289.7321] ofono is now available
Sep  5 16:08:09 cu-cs-vm NetworkManager[1850]: <info>  [1473113289.7327] device (enp0s3): state change: unavailable -> disconnected (reason 'carrier-changed') [20 30 40]
Sep  5 16:08:09 cu-cs-vm NetworkManager[1850]: <warn>  [1473113289.7343] failed to enumerate oFono devices: GDBus.Error:org.freedesktop.DBus.Error.ServiceUnknown: The name org.ofono was not provided by any .service files
Sep  5 16:08:09 cu-cs-vm NetworkManager[1850]: <info>  [1473113289.7348] policy: auto-activating connection 'Wired connection 1'
Sep  5 16:08:09 cu-cs-vm NetworkManager[1850]: <info>  [1473113289.7364] device (enp0s3): Activation: starting connection 'Wired connection 1' (6001be0c-53d0-4f81-b544-fe6faa3b177d)
Sep  5 16:08:09 cu-cs-vm NetworkManager[1850]: <info>  [1473113289.7367] device (enp0s3): state change: disconnected -> prepare (reason 'none') [30 40 0]
Sep  5 16:08:09 cu-cs-vm NetworkManager[1850]: <info>  [1473113289.7369] manager: NetworkManager state is now CONNECTING
Sep  5 16:08:09 cu-cs-vm whoopsie[1886]: [16:08:09] offline
Sep  5 16:08:09 cu-cs-vm NetworkManager[1850]: <info>  [1473113289.7376] device (enp0s3): state change: prepare -> config (reason 'none') [40 50 0]
Sep  5 16:08:09 cu-cs-vm NetworkManager[1850]: <info>  [1473113289.7385] device (enp0s3): state change: config -> ip-config (reason 'none') [50 70 0]
Sep  5 16:08:09 cu-cs-vm NetworkManager[1850]: <info>  [1473113289.7400] dhcp4 (enp0s3): activation: beginning transaction (timeout in 45 seconds)
Sep  5 16:08:09 cu-cs-vm systemd[1]: Started Modem Manager.
Sep  5 16:08:09 cu-cs-vm NetworkManager[1850]: <info>  [1473113289.8379] dhcp4 (enp0s3): dhclient started with pid 2094
Sep  5 16:08:09 cu-cs-vm systemd[1]: Started Light Display Manager.
Sep  5 16:08:09 cu-cs-vm NetworkManager[1850]: <info>  [1473113289.8763] ModemManager disappeared from bus
Sep  5 16:08:09 cu-cs-vm NetworkManager[1850]: <info>  [1473113289.8819] ModemManager available in the bus
Sep  5 16:08:10 cu-cs-vm dhclient[2094]: DHCPDISCOVER on enp0s3 to 255.255.255.255 port 67 interval 3 (xid=0x2fb0037)
Sep  5 16:08:10 cu-cs-vm dhclient[2094]: DHCPREQUEST of 10.0.2.15 on enp0s3 to 255.255.255.255 port 67 (xid=0x3700fb02)
Sep  5 16:08:10 cu-cs-vm dhclient[2094]: DHCPOFFER of 10.0.2.15 from 10.0.2.2
Sep  5 16:08:10 cu-cs-vm dhclient[2094]: DHCPACK of 10.0.2.15 from 10.0.2.2
Sep  5 16:08:10 cu-cs-vm NetworkManager[1850]: <info>  [1473113290.0683]   address 10.0.2.15
Sep  5 16:08:10 cu-cs-vm NetworkManager[1850]: <info>  [1473113290.0687]   plen 24 (255.255.255.0)
Sep  5 16:08:10 cu-cs-vm NetworkManager[1850]: <info>  [1473113290.0695]   gateway 10.0.2.2
Sep  5 16:08:10 cu-cs-vm NetworkManager[1850]: <info>  [1473113290.0697]   server identifier 10.0.2.2
Sep  5 16:08:10 cu-cs-vm NetworkManager[1850]: <info>  [1473113290.0700]   lease time 86400
Sep  5 16:08:10 cu-cs-vm NetworkManager[1850]: <info>  [1473113290.0704]   nameserver '75.75.75.75'
Sep  5 16:08:10 cu-cs-vm NetworkManager[1850]: <info>  [1473113290.0706]   nameserver '75.75.76.76'
Sep  5 16:08:10 cu-cs-vm NetworkManager[1850]: <info>  [1473113290.0709]   domain name 'hsd1.co.comcast.net.'
Sep  5 16:08:10 cu-cs-vm NetworkManager[1850]: <info>  [1473113290.0711] dhcp4 (enp0s3): state changed unknown -> bound
Sep  5 16:08:10 cu-cs-vm avahi-daemon[1761]: Joining mDNS multicast group on interface enp0s3.IPv4 with address 10.0.2.15.
Sep  5 16:08:10 cu-cs-vm avahi-daemon[1761]: New relevant interface enp0s3.IPv4 for mDNS.
Sep  5 16:08:10 cu-cs-vm avahi-daemon[1761]: Registering new address record for 10.0.2.15 on enp0s3.IPv4.
Sep  5 16:08:10 cu-cs-vm NetworkManager[1850]: <info>  [1473113290.0758] device (enp0s3): state change: ip-config -> ip-check (reason 'none') [70 80 0]
Sep  5 16:08:10 cu-cs-vm NetworkManager[1850]: <info>  [1473113290.0847] device (enp0s3): state change: ip-check -> secondaries (reason 'none') [80 90 0]
Sep  5 16:08:10 cu-cs-vm NetworkManager[1850]: <info>  [1473113290.0861] device (enp0s3): state change: secondaries -> activated (reason 'none') [90 100 0]
Sep  5 16:08:10 cu-cs-vm NetworkManager[1850]: <info>  [1473113290.0874] manager: NetworkManager state is now CONNECTED_LOCAL
Sep  5 16:08:10 cu-cs-vm NetworkManager[1850]: <info>  [1473113290.0897] manager: NetworkManager state is now CONNECTED_GLOBAL
Sep  5 16:08:10 cu-cs-vm NetworkManager[1850]: <info>  [1473113290.0902] policy: set 'Wired connection 1' (enp0s3) as default for IPv4 routing and DNS
Sep  5 16:08:10 cu-cs-vm NetworkManager[1850]: <info>  [1473113290.0922] DNS: starting dnsmasq...
Sep  5 16:08:10 cu-cs-vm dhclient[2094]: bound to 10.0.2.15 -- renewal in 41252 seconds.
Sep  5 16:08:10 cu-cs-vm NetworkManager[1850]: <warn>  [1473113290.2155] dnsmasq[0x1da2e80]: dnsmasq not found on the bus. The nameserver update will be sent when dnsmasq appears
Sep  5 16:08:10 cu-cs-vm NetworkManager[1850]: <info>  [1473113290.2156] dns-mgr: Writing DNS information to /sbin/resolvconf
Sep  5 16:08:10 cu-cs-vm whoopsie[1886]: [16:08:10] Cannot reach: https://daisy.ubuntu.com
Sep  5 16:08:10 cu-cs-vm dnsmasq[2109]: started, version 2.75 cache disabled
Sep  5 16:08:10 cu-cs-vm dnsmasq[2109]: compile time options: IPv6 GNU-getopt DBus i18n IDN DHCP DHCPv6 no-Lua TFTP conntrack ipset auth DNSSEC loop-detect inotify
Sep  5 16:08:10 cu-cs-vm dnsmasq[2109]: DBus support enabled: connected to system bus
Sep  5 16:08:10 cu-cs-vm dnsmasq[2109]: warning: no upstream servers configured
Sep  5 16:08:10 cu-cs-vm NetworkManager[1850]: <info>  [1473113290.7975] device (enp0s3): Activation: successful, device activated.
Sep  5 16:08:10 cu-cs-vm nm-dispatcher: req:2 'up' [enp0s3]: new request (1 scripts)
Sep  5 16:08:10 cu-cs-vm nm-dispatcher: req:2 'up' [enp0s3]: start running ordered scripts...
Sep  5 16:08:10 cu-cs-vm NetworkManager[1850]: <info>  [1473113290.8068] dnsmasq[0x1da2e80]: dnsmasq appeared as :1.18
Sep  5 16:08:10 cu-cs-vm NetworkManager[1850]: <info>  [1473113290.8099] dns-mgr: Writing DNS information to /sbin/resolvconf
Sep  5 16:08:10 cu-cs-vm dnsmasq[2109]: setting upstream servers from DBus
Sep  5 16:08:10 cu-cs-vm dnsmasq[2109]: using nameserver 75.75.75.75#53
Sep  5 16:08:10 cu-cs-vm dnsmasq[2109]: using nameserver 75.75.76.76#53
Sep  5 16:08:10 cu-cs-vm whoopsie[1886]: [16:08:10] The default IPv4 route is: /org/freedesktop/NetworkManager/ActiveConnection/0
Sep  5 16:08:10 cu-cs-vm whoopsie[1886]: [16:08:10] Not a paid data plan: /org/freedesktop/NetworkManager/ActiveConnection/0
Sep  5 16:08:10 cu-cs-vm whoopsie[1886]: [16:08:10] Found usable connection: /org/freedesktop/NetworkManager/ActiveConnection/0
Sep  5 16:08:10 cu-cs-vm avahi-daemon[1761]: Joining mDNS multicast group on interface enp0s3.IPv6 with address fe80::e058:d85f:7301:792a.
Sep  5 16:08:10 cu-cs-vm avahi-daemon[1761]: New relevant interface enp0s3.IPv6 for mDNS.
Sep  5 16:08:10 cu-cs-vm avahi-daemon[1761]: Registering new address record for fe80::e058:d85f:7301:792a on enp0s3.*.
Sep  5 16:08:11 cu-cs-vm whoopsie[1886]: [16:08:11] online
Sep  5 16:08:11 cu-cs-vm systemd[1]: Reloading OpenBSD Secure Shell server.
Sep  5 16:08:11 cu-cs-vm systemd[1]: Reloaded OpenBSD Secure Shell server.
Sep  5 16:08:11 cu-cs-vm systemd[1]: Reloading OpenBSD Secure Shell server.
Sep  5 16:08:11 cu-cs-vm systemd[1]: Reloaded OpenBSD Secure Shell server.
Sep  5 16:08:11 cu-cs-vm ModemManager[1758]: <info>  Couldn't find support for device at '/sys/devices/pci0000:00/0000:00:03.0': not supported by any plugin
Sep  5 16:08:12 cu-cs-vm systemd[1]: Created slice User Slice of user.
Sep  5 16:08:12 cu-cs-vm systemd[1]: Starting User Manager for UID 1000...
Sep  5 16:08:12 cu-cs-vm systemd[1]: Started Session c1 of user user.
Sep  5 16:08:12 cu-cs-vm systemd[2336]: Reached target Sockets.
Sep  5 16:08:12 cu-cs-vm systemd[2336]: Reached target Timers.
Sep  5 16:08:12 cu-cs-vm systemd[2336]: Reached target Paths.
Sep  5 16:08:12 cu-cs-vm systemd[2336]: Reached target Basic System.
Sep  5 16:08:12 cu-cs-vm systemd[2336]: Reached target Default.
Sep  5 16:08:12 cu-cs-vm systemd[2336]: Startup finished in 216ms.
Sep  5 16:08:12 cu-cs-vm systemd[1]: Started User Manager for UID 1000.
Sep  5 16:08:14 cu-cs-vm vboxadd.sh: .
Sep  5 16:08:14 cu-cs-vm systemd[1]: Started vboxadd.service.
Sep  5 16:08:14 cu-cs-vm systemd[1]: Starting vboxadd-service.service...
Sep  5 16:08:14 cu-cs-vm vboxadd-service[2398]: vboxadd-service.sh: Starting VirtualBox Guest Addition service.
Sep  5 16:08:14 cu-cs-vm vboxadd-service.sh: Starting VirtualBox Guest Addition service.
Sep  5 16:08:14 cu-cs-vm kernel: [   17.879723] VBoxService 5.1.2 r108956 (verbosity: 0) linux.amd64 (Jul 21 2016 17:47:02) release log
Sep  5 16:08:14 cu-cs-vm kernel: [   17.879723] 00:00:00.000090 main     Log opened 2016-09-05T22:08:14.423112000Z
Sep  5 16:08:14 cu-cs-vm kernel: [   17.879793] 00:00:00.000273 main     OS Product: Linux
Sep  5 16:08:14 cu-cs-vm kernel: [   17.879848] 00:00:00.000325 main     OS Release: 4.4.0-34-generic
Sep  5 16:08:14 cu-cs-vm kernel: [   17.879888] 00:00:00.000379 main     OS Version: #53-Ubuntu SMP Wed Jul 27 16:06:39 UTC 2016
Sep  5 16:08:14 cu-cs-vm kernel: [   17.879938] 00:00:00.000418 main     Executable: /opt/VBoxGuestAdditions-5.1.2/sbin/VBoxService
Sep  5 16:08:14 cu-cs-vm kernel: [   17.879938] 00:00:00.000419 main     Process ID: 2409
Sep  5 16:08:14 cu-cs-vm kernel: [   17.879938] 00:00:00.000420 main     Package type: LINUX_64BITS_GENERIC
Sep  5 16:08:14 cu-cs-vm kernel: [   17.882188] 00:00:00.002584 main     5.1.2 r108956 started. Verbose level = 0
Sep  5 16:08:14 cu-cs-vm vboxadd-service.sh: VirtualBox Guest Addition service started.
Sep  5 16:08:14 cu-cs-vm systemd[1]: Started vboxadd-service.service.
Sep  5 16:08:14 cu-cs-vm NetworkManager[1850]: <info>  [1473113294.7586] manager: startup complete
Sep  5 16:08:14 cu-cs-vm systemd[1]: Started Network Manager Wait Online.
Sep  5 16:08:14 cu-cs-vm systemd[1]: Reached target Network is Online.
Sep  5 16:08:14 cu-cs-vm systemd[1]: Starting LSB: disk temperature monitoring daemon...
Sep  5 16:08:14 cu-cs-vm systemd[1]: Starting /etc/rc.local Compatibility...
Sep  5 16:08:14 cu-cs-vm systemd[1]: Started /etc/rc.local Compatibility.
Sep  5 16:08:14 cu-cs-vm systemd[1]: Starting Hold until boot process finishes up...
Sep  5 16:08:14 cu-cs-vm systemd[1]: Started Hold until boot process finishes up.
Sep  5 16:08:14 cu-cs-vm systemd[1]: Starting Set console scheme...
Sep  5 16:08:14 cu-cs-vm systemd[1]: Started Getty on tty1.
Sep  5 16:08:14 cu-cs-vm systemd[1]: Reached target Login Prompts.
Sep  5 16:08:14 cu-cs-vm systemd[1]: Started LSB: disk temperature monitoring daemon.
Sep  5 16:08:14 cu-cs-vm systemd[1]: Reached target Multi-User System.
Sep  5 16:08:14 cu-cs-vm systemd[1]: Reached target Graphical Interface.
Sep  5 16:08:14 cu-cs-vm systemd[1]: Starting Update UTMP about System Runlevel Changes...
Sep  5 16:08:14 cu-cs-vm systemd[1]: Started Update UTMP about System Runlevel Changes.
Sep  5 16:08:14 cu-cs-vm systemd[1]: Started Set console scheme.
Sep  5 16:08:14 cu-cs-vm systemd[1]: Startup finished in 4.937s (kernel) + 13.154s (userspace) = 18.091s.
Sep  5 16:08:17 cu-cs-vm dbus[1772]: [system] Activating via systemd: service name='org.freedesktop.RealtimeKit1' unit='rtkit-daemon.service'
Sep  5 16:08:17 cu-cs-vm systemd[1]: Starting RealtimeKit Scheduling Policy Service...
Sep  5 16:08:17 cu-cs-vm dbus[1772]: [system] Activating via systemd: service name='org.freedesktop.UPower' unit='upower.service'
Sep  5 16:08:17 cu-cs-vm systemd[1]: Starting Daemon for power management...
Sep  5 16:08:17 cu-cs-vm dbus[1772]: [system] Successfully activated service 'org.freedesktop.RealtimeKit1'
Sep  5 16:08:17 cu-cs-vm systemd[1]: Started RealtimeKit Scheduling Policy Service.
Sep  5 16:08:17 cu-cs-vm rtkit-daemon[2645]: Successfully called chroot.
Sep  5 16:08:17 cu-cs-vm rtkit-daemon[2645]: Successfully dropped privileges.
Sep  5 16:08:17 cu-cs-vm rtkit-daemon[2645]: Successfully limited resources.
Sep  5 16:08:17 cu-cs-vm rtkit-daemon[2645]: Running.
Sep  5 16:08:17 cu-cs-vm rtkit-daemon[2645]: Canary thread running.
Sep  5 16:08:17 cu-cs-vm rtkit-daemon[2645]: Watchdog thread running.
Sep  5 16:08:17 cu-cs-vm dbus[1772]: [system] Successfully activated service 'org.freedesktop.UPower'
Sep  5 16:08:17 cu-cs-vm systemd[1]: Started Daemon for power management.
Sep  5 16:08:17 cu-cs-vm org.a11y.Bus[2502]: ** (process:2678): WARNING **: Failed to register client: GDBus.Error:org.freedesktop.DBus.Error.ServiceUnknown: The name org.gnome.SessionManager was not provided by any .service files
Sep  5 16:08:17 cu-cs-vm org.a11y.Bus[2502]: Activating service name='org.a11y.atspi.Registry'
Sep  5 16:08:18 cu-cs-vm org.a11y.Bus[2502]: Successfully activated service 'org.a11y.atspi.Registry'
Sep  5 16:08:18 cu-cs-vm org.a11y.atspi.Registry[2715]: SpiRegistry daemon is running with well-known name - org.a11y.atspi.Registry
Sep  5 16:08:18 cu-cs-vm rtkit-daemon[2645]: Successfully made thread 2644 of process 2644 (n/a) owned by '1000' high priority at nice level -11.
Sep  5 16:08:18 cu-cs-vm rtkit-daemon[2645]: Supervising 1 threads of 1 processes of 1 users.
Sep  5 16:08:19 cu-cs-vm pulseaudio[2644]: [pulseaudio] alsa-util.c: Disabling timer-based scheduling because running inside a VM.
Sep  5 16:08:19 cu-cs-vm pulseaudio[2644]: [pulseaudio] sink.c: Default and alternate sample rates are the same.
Sep  5 16:08:19 cu-cs-vm rtkit-daemon[2645]: Supervising 1 threads of 1 processes of 1 users.
Sep  5 16:08:19 cu-cs-vm rtkit-daemon[2645]: Successfully made thread 3019 of process 2644 (n/a) owned by '1000' RT at priority 5.
Sep  5 16:08:19 cu-cs-vm rtkit-daemon[2645]: Supervising 2 threads of 1 processes of 1 users.
Sep  5 16:08:19 cu-cs-vm pulseaudio[2644]: [pulseaudio] alsa-util.c: Disabling timer-based scheduling because running inside a VM.
Sep  5 16:08:19 cu-cs-vm rtkit-daemon[2645]: Supervising 2 threads of 1 processes of 1 users.
Sep  5 16:08:19 cu-cs-vm rtkit-daemon[2645]: Successfully made thread 3020 of process 2644 (n/a) owned by '1000' RT at priority 5.
Sep  5 16:08:19 cu-cs-vm rtkit-daemon[2645]: Supervising 3 threads of 1 processes of 1 users.
Sep  5 16:08:19 cu-cs-vm rtkit-daemon[2645]: Successfully made thread 3024 of process 3024 (n/a) owned by '1000' high priority at nice level -11.
Sep  5 16:08:19 cu-cs-vm rtkit-daemon[2645]: Supervising 4 threads of 2 processes of 1 users.
Sep  5 16:08:19 cu-cs-vm pulseaudio[3024]: [pulseaudio] pid.c: Daemon already running.
Sep  5 16:08:19 cu-cs-vm NetworkManager[1850]: <info>  [1473113299.7569] WiFi hardware radio set enabled
Sep  5 16:08:19 cu-cs-vm NetworkManager[1850]: <info>  [1473113299.7569] WWAN hardware radio set enabled
Sep  5 16:08:22 cu-cs-vm dbus[1772]: [system] Activating via systemd: service name='org.bluez' unit='dbus-org.bluez.service'
Sep  5 16:08:23 cu-cs-vm dbus[1772]: [system] Activating via systemd: service name='org.freedesktop.UDisks2' unit='udisks2.service'
Sep  5 16:08:23 cu-cs-vm systemd[1]: Starting Disk Manager...
Sep  5 16:08:23 cu-cs-vm udisksd[3086]: udisks daemon version 2.1.7 starting
Sep  5 16:08:23 cu-cs-vm dbus[1772]: [system] Successfully activated service 'org.freedesktop.UDisks2'
Sep  5 16:08:23 cu-cs-vm systemd[1]: Started Disk Manager.
Sep  5 16:08:23 cu-cs-vm udisksd[3086]: Acquired the name org.freedesktop.UDisks2 on the system message bus
Sep  5 16:08:23 cu-cs-vm org.gtk.vfs.AfcVolumeMonitor[2502]: Volume monitor alive
Sep  5 16:08:26 cu-cs-vm systemd[1]: Started Daemon for generating UUIDs.
Sep  5 16:08:47 cu-cs-vm dbus[1772]: [system] Activating service name='org.blueman.Mechanism' (using servicehelper)
Sep  5 16:08:47 cu-cs-vm dbus[1772]: [system] Activating via systemd: service name='org.bluez' unit='dbus-org.bluez.service'
Sep  5 16:08:47 cu-cs-vm org.blueman.Mechanism[1772]: Failed to connect to Mir: Failed to connect to server socket: No such file or directory
Sep  5 16:08:47 cu-cs-vm org.blueman.Mechanism[1772]: Unable to init server: Could not connect: Connection refused
Sep  5 16:08:47 cu-cs-vm org.blueman.Mechanism[1772]: Failed to connect to Mir: Failed to connect to server socket: No such file or directory
Sep  5 16:08:47 cu-cs-vm org.blueman.Mechanism[1772]: Unable to init server: Could not connect: Connection refused
Sep  5 16:08:47 cu-cs-vm blueman-mechanism: Starting blueman-mechanism
Sep  5 16:08:47 cu-cs-vm dbus[1772]: [system] Successfully activated service 'org.blueman.Mechanism'
Sep  5 16:08:47 cu-cs-vm org.blueman.Mechanism[1772]: (blueman-mechanism:3183): Gtk-CRITICAL **: gtk_icon_theme_get_for_screen: assertion 'GDK_IS_SCREEN (screen)' failed
Sep  5 16:08:47 cu-cs-vm blueman-mechanism: loading Network
Sep  5 16:08:47 cu-cs-vm blueman-mechanism: loading Ppp
Sep  5 16:08:47 cu-cs-vm blueman-mechanism: loading RfKill
Sep  5 16:08:47 cu-cs-vm blueman-mechanism: loading Rfcomm
Sep  5 16:08:47 cu-cs-vm obexd[3188]: OBEX daemon 5.37
Sep  5 16:08:57 cu-cs-vm kernel: [   61.252392] random: nonblocking pool is initialized
Sep  5 16:09:17 cu-cs-vm blueman-mechanism: Exiting
Sep  5 16:36:19 cu-cs-vm rsyslogd: [origin software="rsyslogd" swVersion="8.16.0" x-pid="1748" x-info="http://www.rsyslog.com"] start
Sep  5 16:36:18 cu-cs-vm rsyslogd-2222: command 'KLogPermitNonKernelFacility' is currently not permitted - did you already set it via a RainerScript command (v6+ config)? [v8.16.0 try http://www.rsyslog.com/e/2222 ]
Sep  5 16:36:19 cu-cs-vm rsyslogd: rsyslogd's groupid changed to 108
Sep  5 16:36:19 cu-cs-vm rsyslogd: rsyslogd's userid changed to 104
Sep  5 16:36:19 cu-cs-vm rsyslogd-2039: Could not open output pipe '/dev/xconsole':: No such file or directory [v8.16.0 try http://www.rsyslog.com/e/2039 ]
Sep  5 16:36:19 cu-cs-vm rsyslogd-2007: action 'action 10' suspended, next retry is Mon Sep  5 16:36:49 2016 [v8.16.0 try http://www.rsyslog.com/e/2007 ]
Sep  5 16:36:19 cu-cs-vm kernel: [    0.000000] Initializing cgroup subsys cpuset
Sep  5 16:36:19 cu-cs-vm kernel: [    0.000000] Initializing cgroup subsys cpu
Sep  5 16:36:19 cu-cs-vm kernel: [    0.000000] Initializing cgroup subsys cpuacct
Sep  5 16:36:19 cu-cs-vm kernel: [    0.000000] Linux version 4.4.0-34-generic (buildd@lgw01-20) (gcc version 5.3.1 20160413 (Ubuntu 5.3.1-14ubuntu2.1) ) #53-Ubuntu SMP Wed Jul 27 16:06:39 UTC 2016 (Ubuntu 4.4.0-34.53-generic 4.4.15)
Sep  5 16:36:19 cu-cs-vm kernel: [    0.000000] Command line: BOOT_IMAGE=/@/boot/vmlinuz-4.4.0-34-generic root=UUID=7edb9fb6-5937-400b-b2d4-95dbf988ef57 ro rootflags=subvol=@ crashkernel=384M-:128M
Sep  5 16:36:19 cu-cs-vm kernel: [    0.000000] KERNEL supported cpus:
Sep  5 16:36:19 cu-cs-vm kernel: [    0.000000]   Intel GenuineIntel
Sep  5 16:36:19 cu-cs-vm kernel: [    0.000000]   AMD AuthenticAMD
Sep  5 16:36:19 cu-cs-vm kernel: [    0.000000]   Centaur CentaurHauls
Sep  5 16:36:19 cu-cs-vm kernel: [    0.000000] x86/fpu: xstate_offset[2]:  576, xstate_sizes[2]:  256
Sep  5 16:36:19 cu-cs-vm kernel: [    0.000000] x86/fpu: Supporting XSAVE feature 0x01: 'x87 floating point registers'
Sep  5 16:36:19 cu-cs-vm kernel: [    0.000000] x86/fpu: Supporting XSAVE feature 0x02: 'SSE registers'
Sep  5 16:36:19 cu-cs-vm kernel: [    0.000000] x86/fpu: Supporting XSAVE feature 0x04: 'AVX registers'
Sep  5 16:36:19 cu-cs-vm kernel: [    0.000000] x86/fpu: Enabled xstate features 0x7, context size is 832 bytes, using 'standard' format.
Sep  5 16:36:19 cu-cs-vm kernel: [    0.000000] x86/fpu: Using 'lazy' FPU context switches.
Sep  5 16:36:19 cu-cs-vm kernel: [    0.000000] e820: BIOS-provided physical RAM map:
Sep  5 16:36:19 cu-cs-vm kernel: [    0.000000] BIOS-e820: [mem 0x0000000000000000-0x000000000009fbff] usable
Sep  5 16:36:19 cu-cs-vm kernel: [    0.000000] BIOS-e820: [mem 0x000000000009fc00-0x000000000009ffff] reserved
Sep  5 16:36:19 cu-cs-vm kernel: [    0.000000] BIOS-e820: [mem 0x00000000000f0000-0x00000000000fffff] reserved
Sep  5 16:36:19 cu-cs-vm kernel: [    0.000000] BIOS-e820: [mem 0x0000000000100000-0x000000007ffeffff] usable
Sep  5 16:36:19 cu-cs-vm kernel: [    0.000000] BIOS-e820: [mem 0x000000007fff0000-0x000000007fffffff] ACPI data
Sep  5 16:36:19 cu-cs-vm kernel: [    0.000000] BIOS-e820: [mem 0x00000000fec00000-0x00000000fec00fff] reserved
Sep  5 16:36:19 cu-cs-vm kernel: [    0.000000] BIOS-e820: [mem 0x00000000fee00000-0x00000000fee00fff] reserved
Sep  5 16:36:19 cu-cs-vm kernel: [    0.000000] BIOS-e820: [mem 0x00000000fffc0000-0x00000000ffffffff] reserved
Sep  5 16:36:19 cu-cs-vm kernel: [    0.000000] NX (Execute Disable) protection: active
Sep  5 16:36:19 cu-cs-vm kernel: [    0.000000] SMBIOS 2.5 present.
Sep  5 16:36:19 cu-cs-vm kernel: [    0.000000] DMI: innotek GmbH VirtualBox/VirtualBox, BIOS VirtualBox 12/01/2006
Sep  5 16:36:19 cu-cs-vm kernel: [    0.000000] Hypervisor detected: KVM
Sep  5 16:36:19 cu-cs-vm kernel: [    0.000000] e820: update [mem 0x00000000-0x00000fff] usable ==> reserved
Sep  5 16:36:19 cu-cs-vm kernel: [    0.000000] e820: remove [mem 0x000a0000-0x000fffff] usable
Sep  5 16:36:19 cu-cs-vm kernel: [    0.000000] e820: last_pfn = 0x7fff0 max_arch_pfn = 0x400000000
Sep  5 16:36:19 cu-cs-vm kernel: [    0.000000] MTRR default type: uncachable
Sep  5 16:36:19 cu-cs-vm kernel: [    0.000000] MTRR variable ranges disabled:
Sep  5 16:36:19 cu-cs-vm kernel: [    0.000000] x86/PAT: Configuration [0-7]: WB  WC  UC- UC  WB  WC  UC- WT  
Sep  5 16:36:19 cu-cs-vm kernel: [    0.000000] MTRR: Disabled
Sep  5 16:36:19 cu-cs-vm kernel: [    0.000000] CPU MTRRs all blank - virtualized system.
Sep  5 16:36:19 cu-cs-vm kernel: [    0.000000] found SMP MP-table at [mem 0x0009fff0-0x0009ffff] mapped at [ffff88000009fff0]
Sep  5 16:36:19 cu-cs-vm kernel: [    0.000000] Scanning 1 areas for low memory corruption
Sep  5 16:36:19 cu-cs-vm kernel: [    0.000000] Base memory trampoline at [ffff880000099000] 99000 size 24576
